[Warning] [simulation_app.simulation_app] Modules: ['omni.kit_app'] were loaded before SimulationApp was started and might not be loaded correctly.
[Warning] [simulation_app.simulation_app] Please check to make sure no extra omniverse or pxr modules are imported before the call to SimulationApp(...)
[Info] [carb] Logging to file: /local_data/jz6676/miniconda3/envs/DWAM/lib/python3.10/site-packages/omni/logs/Kit/Isaac-Sim Python/4.5/kit_20260914_134326.log
2026-09-14 17:43:26 [0ms] [Warning] [omni.kit.app.plugin] No crash reporter present, dumps uploading isn't available.
[0.127s] [ext: omni.kit.async_engine-0.0.1] startup
[0.239s] [ext: omni.metrics.core-0.0.1] startup
[0.240s] [ext: omni.client.lib-1.0.0] startup
[0.257s] [ext: omni.blobkey-1.1.2] startup
[0.257s] [ext: omni.stats-1.0.1] startup
[0.258s] [ext: omni.datastore-0.0.0] startup
[0.263s] [ext: omni.client-1.2.2] startup
[0.269s] [ext: omni.ujitso.default-1.0.0] startup
[0.271s] [ext: omni.hsscclient-1.1.1] startup
2026-09-14 17:43:26 [191ms] [Warning] [omni.datastore] OmniHub is inaccessible
[0.274s] [ext: omni.gpu_foundation.shadercache.vulkan-1.0.0] startup
[0.276s] [ext: omni.assets.plugins-0.0.0] startup
[0.278s] [ext: omni.gpu_foundation-0.0.0] startup
[0.286s] [ext: carb.windowing.plugins-1.0.0] startup
2026-09-14 17:43:26 [206ms] [Warning] [carb.windowing-glfw.plugin] GLFW initialization failed.
2026-09-14 17:43:26 [206ms] [Warning] [carb] Failed to startup plugin carb.windowing-glfw.plugin (interfaces: [carb::windowing::IGLContext v1.0],[carb::windowing::IWindowing v1.5]) (impl: carb.windowing-glfw.plugin)
[0.286s] [ext: omni.kit.renderer.init-0.0.0] startup
2026-09-14 17:43:26 [267ms] [Warning] [omni.platforminfo.plugin] failed to open the default display.  Can't verify X Server version.
2026-09-14 17:43:27 [714ms] [Warning] [carb.cudainterop.plugin] CUDA_VISIBLE_DEVICES environment variable is set.
2026-09-14 17:43:27 [714ms] [Warning] [carb.cudainterop.plugin] Note CUDA device enumeration and Omniverse device enumeration are different.
2026-09-14 17:43:27 [714ms] [Warning] [carb.cudainterop.plugin] Setting CUDA_VISIBLE_DEVICES can lead to undesired behavior or crashes.
2026-09-14 17:43:27 [994ms] [Warning] [gpu.foundation.plugin] Skipping NVIDIA GPU due CUDA being in bad state: NVIDIA RTX 6000 Ada Generation
2026-09-14 17:43:27 [994ms] [Warning] [gpu.foundation.plugin] Please restart your system if CUDA is known to work in your system.
2026-09-14 17:43:27 [997ms] [Warning] [gpu.foundation.plugin] Skipping NVIDIA GPU due CUDA being in bad state: NVIDIA RTX 6000 Ada Generation
2026-09-14 17:43:27 [997ms] [Warning] [gpu.foundation.plugin] Please restart your system if CUDA is known to work in your system.
2026-09-14 17:43:27 [1,000ms] [Warning] [gpu.foundation.plugin] Skipping NVIDIA GPU due CUDA being in bad state: NVIDIA RTX 6000 Ada Generation
2026-09-14 17:43:27 [1,000ms] [Warning] [gpu.foundation.plugin] Please restart your system if CUDA is known to work in your system.
2026-09-14 17:43:27 [1,002ms] [Warning] [gpu.foundation.plugin] Skipping NVIDIA GPU due CUDA being in bad state: NVIDIA RTX 6000 Ada Generation
2026-09-14 17:43:27 [1,002ms] [Warning] [gpu.foundation.plugin] Please restart your system if CUDA is known to work in your system.
2026-09-14 17:43:27 [1,004ms] [Warning] [gpu.foundation.plugin] Skipping NVIDIA GPU due CUDA being in bad state: NVIDIA RTX 6000 Ada Generation
2026-09-14 17:43:27 [1,004ms] [Warning] [gpu.foundation.plugin] Please restart your system if CUDA is known to work in your system.
2026-09-14 17:43:27 [1,005ms] [Warning] [gpu.foundation.plugin] Skipping NVIDIA GPU due CUDA being in bad state: NVIDIA RTX 6000 Ada Generation
2026-09-14 17:43:27 [1,006ms] [Warning] [gpu.foundation.plugin] Please restart your system if CUDA is known to work in your system.
2026-09-14 17:43:27 [1,009ms] [Warning] [gpu.foundation.plugin] Skipping NVIDIA GPU due CUDA being in bad state: NVIDIA RTX 6000 Ada Generation
2026-09-14 17:43:27 [1,009ms] [Warning] [gpu.foundation.plugin] Please restart your system if CUDA is known to work in your system.
2026-09-14 17:43:27 [1,009ms] [Warning] [gpu.foundation.plugin] Skipping NVIDIA GPU due CUDA being in bad state: NVIDIA RTX 6000 Ada Generation
2026-09-14 17:43:27 [1,009ms] [Warning] [gpu.foundation.plugin] Please restart your system if CUDA is known to work in your system.
2026-09-14 17:43:27 [1,009ms] [Warning] [gpu.foundation.plugin] Skipping NVIDIA GPU due CUDA being in bad state: NVIDIA RTX 6000 Ada Generation
2026-09-14 17:43:27 [1,009ms] [Warning] [gpu.foundation.plugin] Please restart your system if CUDA is known to work in your system.
2026-09-14 17:43:27 [1,009ms] [Warning] [gpu.foundation.plugin] Skipping NVIDIA GPU due CUDA being in bad state: NVIDIA RTX 6000 Ada Generation
2026-09-14 17:43:27 [1,009ms] [Warning] [gpu.foundation.plugin] Please restart your system if CUDA is known to work in your system.
2026-09-14 17:43:27 [1,009ms] [Warning] [gpu.foundation.plugin] Skipping NVIDIA GPU due CUDA being in bad state: NVIDIA RTX 6000 Ada Generation
2026-09-14 17:43:27 [1,009ms] [Warning] [gpu.foundation.plugin] Please restart your system if CUDA is known to work in your system.
2026-09-14 17:43:27 [1,009ms] [Warning] [gpu.foundation.plugin] Skipping NVIDIA GPU due CUDA being in bad state: NVIDIA RTX 6000 Ada Generation
2026-09-14 17:43:27 [1,009ms] [Warning] [gpu.foundation.plugin] Please restart your system if CUDA is known to work in your system.
2026-09-14 17:43:27 [1,009ms] [Warning] [gpu.foundation.plugin] Skipping NVIDIA GPU due CUDA being in bad state: NVIDIA RTX 6000 Ada Generation
2026-09-14 17:43:27 [1,009ms] [Warning] [gpu.foundation.plugin] Please restart your system if CUDA is known to work in your system.
2026-09-14 17:43:27 [1,009ms] [Warning] [gpu.foundation.plugin] Skipping NVIDIA GPU due CUDA being in bad state: NVIDIA RTX 6000 Ada Generation
2026-09-14 17:43:27 [1,009ms] [Warning] [gpu.foundation.plugin] Please restart your system if CUDA is known to work in your system.

|---------------------------------------------------------------------------------------------|
| Driver Version: 580.173.02    | Graphics API: Vulkan
|=============================================================================================|
| GPU | Name                             | Active | LDA | GPU Memory | Vendor-ID | LUID       |
|     |                                  |        |     |            | Device-ID | UUID       |
|     |                                  |        |     |            | Bus-ID    |            |
|---------------------------------------------------------------------------------------------|
| 0   | NVIDIA RTX 6000 Ada Generation   | Yes: 0 |     | 49386   MB | 10de      | 0          |
|     |                                  |        |     |            | 26b1      | 5cf01ab6.. |
|     |                                  |        |     |            | 3         |            |
|---------------------------------------------------------------------------------------------|
| 1   | NVIDIA RTX 6000 Ada Generation   |        |     | 49386   MB | 10de      | 0          |
|     |                                  |        |     |            | 26b1      | 015d4691.. |
|     |                                  |        |     |            | 4         |            |
|---------------------------------------------------------------------------------------------|
| 2   | NVIDIA RTX 6000 Ada Generation   |        |     | 49386   MB | 10de      | 0          |
|     |                                  |        |     |            | 26b1      | c721f1ba.. |
|     |                                  |        |     |            | 64        |            |
|---------------------------------------------------------------------------------------------|
| 3   | NVIDIA RTX 6000 Ada Generation   |        |     | 49386   MB | 10de      | 0          |
|     |                                  |        |     |            | 26b1      | 21f227bc.. |
|     |                                  |        |     |            | 65        |            |
|---------------------------------------------------------------------------------------------|
| 4   | NVIDIA RTX 6000 Ada Generation   |        |     | 49386   MB | 10de      | 0          |
|     |                                  |        |     |            | 26b1      | f6c526ad.. |
|     |                                  |        |     |            | 83        |            |
|---------------------------------------------------------------------------------------------|
| 5   | NVIDIA RTX 6000 Ada Generation   |        |     | 49386   MB | 10de      | 0          |
|     |                                  |        |     |            | 26b1      | d30c9b17.. |
|     |                                  |        |     |            | 84        |            |
|---------------------------------------------------------------------------------------------|
| 6   | NVIDIA RTX 6000 Ada Generation   |        |     | 49386   MB | 10de      | 0          |
|     |                                  |        |     |            | 26b1      | 6aa4e7d4.. |
|     |                                  |        |     |            | e3        |            |
|---------------------------------------------------------------------------------------------|
| 7   | NVIDIA RTX 6000 Ada Generation   |        |     | 49386   MB | 10de      | 0          |
|     |                                  |        |     |            | 26b1      | d3923524.. |
|     |                                  |        |     |            | e4        |            |
|=============================================================================================|
| OS: 24.04.4 LTS (Noble Numbat) ubuntu, Version: 24.04.4, Kernel: 6.8.0-139-generic
| Processor: AMD EPYC 9355 32-Core Processor
| Cores: 64 | Logical Cores: 128
|---------------------------------------------------------------------------------------------|
| Total Memory (MB): 1160635 | Free Memory: 977015
| Total Page/Swap (MB): 8191 | Free Page/Swap: 6149
|---------------------------------------------------------------------------------------------|
[2.290s] [ext: omni.kit.pipapi-0.0.0] startup
[2.292s] [ext: omni.materialx.libs-1.0.6] startup
[2.299s] [ext: omni.kit.pip_archive-0.0.0] startup
[2.299s] [ext: omni.usd.config-1.0.5] startup
[2.302s] [ext: omni.gpucompute.plugins-0.0.0] startup
[2.303s] [ext: omni.usd.libs-1.0.1] startup
[2.361s] [ext: omni.mdl-55.0.1] startup
[2.376s] [ext: omni.iray.libs-0.0.0] startup
[2.380s] [ext: omni.mdl.neuraylib-0.2.10] startup
[2.382s] [ext: omni.kit.usd.mdl-1.0.7] startup
[2.452s] [ext: omni.kit.telemetry-0.5.1] startup
[2.496s] [ext: omni.kit.loop-isaac-1.2.1] startup
[2.498s] [ext: omni.kit.test-1.1.2] startup
[2.533s] [ext: omni.appwindow-1.1.9] startup
2026-09-14 17:43:29 [2,454ms] [Warning] [carb.windowing-glfw.plugin] GLFW initialization failed.
2026-09-14 17:43:29 [2,454ms] [Warning] [carb] Failed to startup plugin carb.windowing-glfw.plugin (interfaces: [carb::windowing::IGLContext v1.0],[carb::windowing::IWindowing v1.5]) (impl: carb.windowing-glfw.plugin)
[2.536s] [ext: omni.kit.renderer.core-1.0.2] startup
2026-09-14 17:43:29 [2,488ms] [Warning] [carb.windowing-glfw.plugin] GLFW initialization failed.
2026-09-14 17:43:29 [2,488ms] [Warning] [carb] Failed to startup plugin carb.windowing-glfw.plugin (interfaces: [carb::windowing::IGLContext v1.0],[carb::windowing::IWindowing v1.5]) (impl: carb.windowing-glfw.plugin)
2026-09-14 17:43:29 [2,497ms] [Warning] [carb.windowing-glfw.plugin] GLFW initialization failed.
2026-09-14 17:43:29 [2,497ms] [Warning] [carb] Failed to startup plugin carb.windowing-glfw.plugin (interfaces: [carb::windowing::IGLContext v1.0],[carb::windowing::IWindowing v1.5]) (impl: carb.windowing-glfw.plugin)
[2.579s] [ext: omni.kit.renderer.capture-0.0.0] startup
[2.582s] [ext: omni.kit.renderer.imgui-1.0.2] startup
2026-09-14 17:43:29 [2,507ms] [Warning] [carb.windowing-glfw.plugin] GLFW initialization failed.
2026-09-14 17:43:29 [2,507ms] [Warning] [carb] Failed to startup plugin carb.windowing-glfw.plugin (interfaces: [carb::windowing::IGLContext v1.0],[carb::windowing::IWindowing v1.5]) (impl: carb.windowing-glfw.plugin)
2026-09-14 17:43:29 [2,508ms] [Warning] [carb.windowing-glfw.plugin] GLFW initialization failed.
2026-09-14 17:43:29 [2,508ms] [Warning] [carb] Failed to startup plugin carb.windowing-glfw.plugin (interfaces: [carb::windowing::IGLContext v1.0],[carb::windowing::IWindowing v1.5]) (impl: carb.windowing-glfw.plugin)
2026-09-14 17:43:29 [2,509ms] [Warning] [carb.windowing-glfw.plugin] GLFW initialization failed.
2026-09-14 17:43:29 [2,509ms] [Warning] [carb] Failed to startup plugin carb.windowing-glfw.plugin (interfaces: [carb::windowing::IGLContext v1.0],[carb::windowing::IWindowing v1.5]) (impl: carb.windowing-glfw.plugin)
[2.657s] [ext: omni.ui-2.26.5] startup
[2.666s] [ext: omni.kit.mainwindow-1.0.3] startup
[2.668s] [ext: carb.audio-0.1.0] startup
[2.673s] [ext: omni.uiaudio-1.0.0] startup
[2.674s] [ext: omni.kit.uiapp-0.0.0] startup
[2.675s] [ext: omni.usd.schema.metrics.assembler-106.5.0] startup
[2.682s] [ext: omni.usd.schema.anim-0.0.0] startup
[2.696s] [ext: omni.usd.schema.audio-0.0.0] startup
[2.701s] [ext: omni.usd.schema.isaac-3.0.2] startup
[2.701s] [ext: omni.usd.schema.omnigraph-1.0.0] startup
[2.706s] [ext: omni.usd.schema.forcefield-106.5.7] startup
[2.713s] [ext: omni.usd.schema.semantics-0.0.0] startup
[2.715s] [ext: omni.usd.schema.physx-106.5.7] startup
[2.732s] [ext: omni.usd.schema.geospatial-0.0.0] startup
[2.734s] [ext: omni.usd_resolver-1.0.0] startup
[2.737s] [ext: omni.kit.window.popup_dialog-2.0.24] startup
[2.740s] [ext: usdrt.scenegraph-7.5.1] startup
[2.766s] [ext: omni.timeline-1.0.11] startup
[2.767s] [ext: omni.usd.core-1.4.2] startup
[2.770s] [ext: omni.resourcemonitor-107.0.0] startup
[2.772s] [ext: omni.activity.core-1.0.1] startup
[2.773s] [ext: omni.kit.widget.nucleus_connector-1.1.10] startup
[2.775s] [ext: omni.hydra.usdrt_delegate-7.5.1] startup
[2.783s] [ext: omni.kit.actions.core-1.0.0] startup
[2.786s] [ext: omni.graph.exec-0.9.4] startup
[2.786s] [ext: omni.kit.commands-1.4.9] startup
[2.789s] [ext: omni.kit.usd_undo-0.1.8] startup
[2.790s] [ext: omni.kit.exec.core-0.13.4] startup
[2.791s] [ext: omni.kit.audiodeviceenum-1.0.1] startup
[2.793s] [ext: omni.hydra.scene_delegate-0.3.3] startup
[2.796s] [ext: omni.usd-1.12.4] startup
[2.821s] [ext: omni.inspect-1.0.1] startup
[2.823s] [ext: omni.kit.notification_manager-1.0.9] startup
[2.824s] [ext: omni.graph.core-2.181.8] startup
[2.827s] [ext: isaacsim.core.deprecation_manager-0.2.2] startup
[2.828s] [ext: omni.usd.schema.omniscripting-1.0.0] startup
[2.832s] [ext: isaacsim.robot.schema-3.1.2] startup
[2.837s] [ext: omni.kit.asset_converter-2.8.3] startup
[2.846s] [ext: omni.kit.menu.core-1.1.2] startup
[2.847s] [ext: omni.kvdb-106.5.7] startup
[2.849s] [ext: omni.kit.widget.context_menu-1.2.4] startup
[2.850s] [ext: omni.kit.usd.layers-2.2.0] startup
[2.855s] [ext: omni.kit.property.adapter.core-1.0.2] startup
[2.857s] [ext: omni.localcache-106.5.7] startup
[2.859s] [ext: omni.convexdecomposition-106.5.7] startup
[2.863s] [ext: omni.warp.core-1.5.0] startup
[3.028s] [ext: omni.kit.context_menu-1.8.3] startup
[3.030s] [ext: omni.kit.hotkeys.core-1.3.10] startup
[3.033s] [ext: omni.kit.property.adapter.fabric-1.0.3] startup
[3.034s] [ext: omni.usdphysics-106.5.7] startup
[3.036s] [ext: omni.kit.widget.path_field-2.0.11] startup
[3.037s] [ext: omni.kit.widget.options_menu-1.1.6] startup
[3.039s] [ext: omni.kit.helper.file_utils-0.1.9] startup
[3.040s] [ext: omni.kit.widget.browser_bar-2.0.10] startup
[3.041s] [ext: omni.kit.widget.options_button-1.0.3] startup
[3.041s] [ext: omni.kit.widget.filebrowser-2.10.52] startup
[3.045s] [ext: omni.kit.clipboard-1.0.5] startup
[3.046s] [ext: omni.graph.tools-1.79.1] startup
[3.060s] [ext: omni.ui.scene-1.11.2] startup
[3.064s] [ext: omni.graph.image.core-0.6.0] startup
[3.065s] [ext: omni.kit.window.filepicker-2.11.7] startup
[3.073s] [ext: omni.kit.widget.searchfield-1.1.8] startup
[3.074s] [ext: omni.graph.image.nodes-1.3.0] startup
[3.077s] [ext: omni.graph-1.140.2] startup
[3.104s] [ext: omni.kit.window.file_exporter-1.0.31] startup
[3.108s] [ext: omni.kit.widget.filter-1.1.4] startup
[3.111s] [ext: omni.physx.foundation-106.5.7] startup
[3.113s] [ext: omni.graph.nodes-1.162.1] startup
[3.122s] [ext: omni.kit.widget.stage-2.11.6] startup
[3.130s] [ext: omni.hydra.rtx.shadercache.vulkan-1.0.0] startup
[3.131s] [ext: omni.hydra.engine.stats-1.0.3] startup
[3.134s] [ext: omni.graph.action_core-1.1.7] startup
[3.136s] [ext: omni.kit.widget.highlight_label-1.0.3] startup
[3.137s] [ext: omni.ujitso.processor.texture-1.0.0] startup
[3.139s] [ext: omni.index.libs-380600.1777.0] startup
[3.139s] [ext: omni.kit.window.file_importer-1.1.14] startup
[3.140s] [ext: omni.kit.stage_template.core-1.1.22] startup
[3.141s] [ext: omni.volume-0.5.0] startup
[3.147s] [ext: omni.ujitso.client-0.0.0] startup
[3.148s] [ext: omni.index-1.0.1] startup
[3.148s] [ext: omni.kit.window.file-1.3.57] startup
[3.151s] [ext: omni.hydra.rtx-1.0.0] startup
2026-09-14 17:43:29 [3,076ms] [Warning] [omni.log] Source: omni.hydra was already registered.
[3.168s] [ext: omni.kit.viewport.registry-104.0.6] startup
[3.169s] [ext: omni.kit.viewport.legacy_gizmos-1.0.16] startup
[3.171s] [ext: omni.kit.raycast.query-1.0.5] startup
[3.176s] [ext: omni.kit.viewport.scene_camera_model-1.0.5] startup
[3.180s] [ext: omni.kit.hydra_texture-1.4.0] startup
[3.183s] [ext: omni.kit.menu.utils-1.7.7] startup
[3.189s] [ext: omni.kit.window.drop_support-1.0.4] startup
[3.190s] [ext: omni.kit.widget.viewport-107.0.7] startup
[3.193s] [ext: omni.kit.material.library-1.5.15] startup
[3.197s] [ext: omni.kit.window.content_browser_registry-0.0.6] startup
[3.199s] [ext: omni.kit.viewport.window-107.0.8] startup
[3.213s] [ext: omni.graph.action_nodes-1.40.1] startup
[3.217s] [ext: omni.kit.window.property-1.11.5] startup
[3.222s] [ext: omni.kit.window.content_browser-2.10.3] startup
[3.242s] [ext: omni.kit.property.adapter.usd-1.0.2] startup
[3.247s] [ext: omni.kit.viewport.utility-1.0.18] startup
[3.249s] [ext: omni.graph.action-1.120.0] startup
[3.250s] [ext: omni.kit.property.usd-4.2.16] startup
[3.286s] [ext: omni.physx.cooking-106.5.7] startup
[3.294s] [ext: omni.kit.widget.stage_icons-1.0.6] startup
[3.296s] [ext: omni.kit.widget.zoombar-1.0.5] startup
[3.297s] [ext: omni.physics.tensors-106.5.7] startup
[3.303s] [ext: omni.kit.widget.prompt-1.0.7] startup
[3.304s] [ext: omni.kit.usd.collect-2.2.22] startup
[3.306s] [ext: omni.physx-106.5.7] startup
[3.315s] [ext: omni.kit.window.stage-2.5.11] startup
[3.319s] [ext: omni.kit.browser.core-2.3.11] startup
[3.322s] [ext: omni.kit.widget.text_editor-1.0.2] startup
[3.324s] [ext: omni.physx.tensors-106.5.7] startup
[3.329s] [ext: omni.kit.tool.collect-2.2.16] startup
[3.331s] [ext: omni.kit.menu.stage-1.2.5] startup
[3.332s] [ext: omni.kit.browser.folder.core-1.10.1] startup
[3.338s] [ext: omni.warp-1.5.0] startup
[3.342s] [ext: isaacsim.examples.browser-0.1.8] startup
[3.345s] [ext: omni.physx.stageupdate-106.5.7] startup
[3.348s] [ext: omni.kit.numpy.common-0.1.2] startup
[3.350s] [ext: isaacsim.core.version-2.0.2] startup
[3.350s] [ext: omni.isaac.dynamic_control-1.3.15] startup
2026-09-14 17:43:29 [3,276ms] [Warning] [omni.isaac.dynamic_control] omni.isaac.dynamic_control is deprecated as of Isaac Sim 4.5. No action is needed from end-users.
[3.357s] [ext: isaacsim.storage.native-1.0.6] startup
[3.360s] [ext: omni.kit.menu.create-1.0.17] startup
[3.363s] [ext: isaacsim.core.utils-2.2.8] startup
[3.367s] [ext: omni.kit.widget.searchable_combobox-1.0.6] startup
[3.372s] [ext: omni.kit.primitive.mesh-1.0.17] startup
[3.389s] [ext: isaacsim.core.simulation_manager-0.3.3] startup
[4.330s] [ext: omni.kit.scripting-106.5.2] startup
[4.335s] [ext: omni.kit.stage_templates-1.2.6] startup
[4.337s] [ext: isaacsim.core.prims-0.3.7] startup
[4.349s] [ext: isaacsim.replicator.behavior-1.0.8] startup
[4.351s] [ext: isaacsim.core.api-4.2.16] startup
[4.358s] [ext: omni.ui_query-1.1.7] startup
[4.360s] [ext: omni.kit.manipulator.viewport-107.0.1] startup
[4.362s] [ext: omni.kit.ui_test-1.3.3] startup
[4.363s] [ext: omni.kit.window.extensions-1.4.25] startup
[4.367s] [ext: omni.graph.visualization.nodes-2.1.1] startup
[4.372s] [ext: omni.kit.tool.asset_importer-2.12.2] startup
[4.382s] [ext: isaacsim.gui.components-1.0.9] startup
[4.388s] [ext: omni.kit.widget.settings-1.2.2] startup
[4.392s] [ext: omni.kit.widget.graph-1.12.17] startup
[4.397s] [ext: omni.kit.window.preferences-1.7.0] startup
[4.401s] [ext: omni.kit.graph.delegate.default-1.2.2] startup
[4.401s] [ext: omni.kit.viewport.menubar.core-107.1.2] startup
[4.410s] [ext: omni.kit.widget.material_preview-1.0.16] startup
[4.411s] [ext: omni.kit.graph.usd.commands-1.3.1] startup
[4.412s] [ext: omni.kit.graph.editor.core-1.5.3] startup
[4.414s] [ext: omni.syntheticdata-0.6.10] startup
[4.432s] [ext: omni.kit.window.material_graph-1.8.19] startup
[4.468s] [ext: omni.graph.scriptnode-1.40.1] startup
[4.471s] [ext: isaacsim.core.cloner-1.3.4] startup
[4.473s] [ext: omni.replicator.core-1.11.35] startup
2026-09-14 17:43:31 [4,454ms] [Warning] [omni.replicator.core.scripts.extension] No material configuration file, adding configuration to material settings directly.
[4.537s] [ext: omni.isaac.cloner-1.0.2] startup
2026-09-14 17:43:31 [4,459ms] [Warning] [omni.isaac.cloner] omni.isaac.cloner has been deprecated in favor of isaacsim.core.cloner. Please update your code accordingly.
[4.539s] [ext: isaacsim.core.nodes-2.1.4] startup
[4.547s] [ext: isaacsim.asset.importer.urdf-2.3.10] startup
[4.669s] [ext: omni.isaac.core-4.0.3] startup
2026-09-14 17:43:31 [4,592ms] [Warning] [omni.isaac.core.physics_context.physics_context] omni.isaac.core.physics_context.physics_context has been deprecated in favor of isaacsim.core.api.physics_context.physics_context. Please update your code accordingly.
2026-09-14 17:43:31 [4,593ms] [Warning] [omni.isaac.core.simulation_context.simulation_context] omni.isaac.core.simulation_context.simulation_context has been deprecated in favor of isaacsim.core.api.simulation_context.simulation_context. Please update your code accordingly.
2026-09-14 17:43:31 [4,594ms] [Warning] [omni.isaac.core.world.world] omni.isaac.core.world.world has been deprecated in favor of isaacsim.core.api.world.world. Please update your code accordingly.
2026-09-14 17:43:31 [4,594ms] [Warning] [omni.isaac.core] omni.isaac.core has been deprecated in favor of isaacsim.core.api. Please update your code accordingly.
[4.677s] [ext: omni.isaac.core_nodes-2.0.2] startup
2026-09-14 17:43:31 [4,609ms] [Warning] [omni.isaac.core_nodes] omni.isaac.core_nodes has been deprecated in favor of isaacsim.core.nodes. Please update your code accordingly.
[4.690s] [ext: omni.anim.curve.core-1.2.0] startup
[4.723s] [ext: isaacsim.robot_motion.lula-4.0.4] startup
[4.733s] [ext: isaacsim.asset.importer.mjcf-2.3.3] startup
[4.750s] [ext: isaacsim.robot_motion.motion_generation-8.0.6] startup
[4.777s] [ext: isaacsim.asset.browser-1.3.4] startup
[4.884s] [ext: isaacsim.robot.surface_gripper-2.0.6] startup
[4.893s] [ext: omni.kit.selection-0.1.5] startup
[4.900s] [ext: isaacsim.robot_motion.lula_test_widget-1.0.5] startup
[4.910s] [ext: omni.isaac.assets_check-0.3.9] startup
2026-09-14 17:43:31 [4,834ms] [Warning] [omni.isaac.assets_check] omni.isaac.assets_check has been deprecated in favor of isaacsim.asset.browser. Please update your code accordingly.
[4.914s] [ext: isaacsim.robot.manipulators-3.0.4] startup
[4.937s] [ext: isaacsim.sensors.physics-0.3.5] startup
[4.961s] [ext: isaacsim.gui.menu-2.0.9] startup
[4.999s] [ext: omni.isaac.lula_test_widget-1.0.2] startup
2026-09-14 17:43:31 [4,925ms] [Warning] [omni.isaac.lula_test_widget] omni.isaac.lula_test_widget has been deprecated in favor of isaacsim.robot_motion.lula_test_widget. Please update your code accordingly.
[5.006s] [ext: omni.sensors.nv.common-2.5.0-coreapi] startup
[5.024s] [ext: omni.isaac.manipulators-3.0.3] startup
2026-09-14 17:43:31 [4,946ms] [Warning] [omni.isaac.manipulators] omni.isaac.manipulators has been deprecated in favor of isaacsim.robot.manipulators. Please update your code accordingly.
2026-09-14 17:43:31 [4,946ms] [Warning] [omni.isaac.manipulators.controllers] omni.isaac.manipulators has been deprecated in favor of isaacsim.robot.manipulators. Please update your code accordingly.
2026-09-14 17:43:31 [4,946ms] [Warning] [omni.isaac.manipulators.controllers.pick_place_controller] omni.isaac.manipulators has been deprecated in favor of isaacsim.robot.manipulators. Please update your code accordingly.
2026-09-14 17:43:31 [4,946ms] [Warning] [omni.isaac.manipulators.controllers.stacking_controller] omni.isaac.manipulators has been deprecated in favor of isaacsim.robot.manipulators. Please update your code accordingly.
2026-09-14 17:43:31 [4,946ms] [Warning] [omni.isaac.manipulators.grippers] omni.isaac.manipulators has been deprecated in favor of isaacsim.robot.manipulators. Please update your code accordingly.
2026-09-14 17:43:31 [4,946ms] [Warning] [omni.isaac.manipulators.grippers.gripper] omni.isaac.manipulators has been deprecated in favor of isaacsim.robot.manipulators. Please update your code accordingly.
2026-09-14 17:43:31 [4,947ms] [Warning] [omni.isaac.manipulators.grippers.parallel_gripper] omni.isaac.manipulators has been deprecated in favor of isaacsim.robot.manipulators. Please update your code accordingly.
2026-09-14 17:43:31 [4,947ms] [Warning] [omni.isaac.manipulators.grippers.surface_gripper] omni.isaac.manipulators has been deprecated in favor of isaacsim.robot.manipulators. Please update your code accordingly.
2026-09-14 17:43:31 [4,947ms] [Warning] [omni.isaac.manipulators.manipulators] omni.isaac.manipulators has been deprecated in favor of isaacsim.robot.manipulators. Please update your code accordingly.
2026-09-14 17:43:31 [4,947ms] [Warning] [omni.isaac.manipulators.manipulators.single_manipulator] omni.isaac.manipulators has been deprecated in favor of isaacsim.robot.manipulators. Please update your code accordingly.
[5.027s] [ext: isaacsim.robot.policy.examples-4.0.3] startup
[5.029s] [ext: omni.isaac.menu-1.0.2] startup
2026-09-14 17:43:31 [4,951ms] [Warning] [omni.isaac.menu] omni.isaac.menu has been deprecated in favor of isaacsim.gui.menu. Please update your code accordingly.
[5.036s] [ext: omni.isaac.motion_generation-8.0.2] startup
2026-09-14 17:43:31 [4,957ms] [Warning] [omni.isaac.motion_generation] omni.isaac.motion_generation has been deprecated in favor of isaacsim.robot_motion.motion_generation. Please update your code accordingly.
2026-09-14 17:43:31 [4,957ms] [Warning] [omni.isaac.motion_generation.articulation_kinematics_solver] omni.isaac.motion_generation has been deprecated in favor of isaacsim.robot_motion.motion_generation. Please update your code accordingly.
2026-09-14 17:43:31 [4,957ms] [Warning] [omni.isaac.motion_generation.articulation_motion_policy] omni.isaac.motion_generation has been deprecated in favor of isaacsim.robot_motion.motion_generation. Please update your code accordingly.
2026-09-14 17:43:31 [4,957ms] [Warning] [omni.isaac.motion_generation.articulation_trajectory] omni.isaac.motion_generation has been deprecated in favor of isaacsim.robot_motion.motion_generation. Please update your code accordingly.
2026-09-14 17:43:31 [4,957ms] [Warning] [omni.isaac.motion_generation.kinematics_interface] omni.isaac.motion_generation has been deprecated in favor of isaacsim.robot_motion.motion_generation. Please update your code accordingly.
2026-09-14 17:43:31 [4,957ms] [Warning] [omni.isaac.motion_generation.lula] omni.isaac.motion_generation has been deprecated in favor of isaacsim.robot_motion.motion_generation. Please update your code accordingly.
2026-09-14 17:43:31 [4,958ms] [Warning] [omni.isaac.motion_generation.lula.kinematics] omni.isaac.motion_generation has been deprecated in favor of isaacsim.robot_motion.motion_generation. Please update your code accordingly.
2026-09-14 17:43:31 [4,958ms] [Warning] [omni.isaac.motion_generation.lula.motion_policies] omni.isaac.motion_generation has been deprecated in favor of isaacsim.robot_motion.motion_generation. Please update your code accordingly.
2026-09-14 17:43:31 [4,958ms] [Warning] [omni.isaac.motion_generation.lula.path_planners] omni.isaac.motion_generation has been deprecated in favor of isaacsim.robot_motion.motion_generation. Please update your code accordingly.
2026-09-14 17:43:31 [4,958ms] [Warning] [omni.isaac.motion_generation.lula.trajectory_generator] omni.isaac.motion_generation has been deprecated in favor of isaacsim.robot_motion.motion_generation. Please update your code accordingly.
2026-09-14 17:43:31 [4,958ms] [Warning] [omni.isaac.motion_generation.motion_policy_controller] omni.isaac.motion_generation has been deprecated in favor of isaacsim.robot_motion.motion_generation. Please update your code accordingly.
2026-09-14 17:43:31 [4,958ms] [Warning] [omni.isaac.motion_generation.motion_policy_interface] omni.isaac.motion_generation has been deprecated in favor of isaacsim.robot_motion.motion_generation. Please update your code accordingly.
2026-09-14 17:43:31 [4,958ms] [Warning] [omni.isaac.motion_generation.path_planner_visualizer] omni.isaac.motion_generation has been deprecated in favor of isaacsim.robot_motion.motion_generation. Please update your code accordingly.
2026-09-14 17:43:31 [4,958ms] [Warning] [omni.isaac.motion_generation.path_planning_interface] omni.isaac.motion_generation has been deprecated in favor of isaacsim.robot_motion.motion_generation. Please update your code accordingly.
2026-09-14 17:43:31 [4,958ms] [Warning] [omni.isaac.motion_generation.trajectory] omni.isaac.motion_generation has been deprecated in favor of isaacsim.robot_motion.motion_generation. Please update your code accordingly.
2026-09-14 17:43:31 [4,958ms] [Warning] [omni.isaac.motion_generation.world_interface] omni.isaac.motion_generation has been deprecated in favor of isaacsim.robot_motion.motion_generation. Please update your code accordingly.
[5.038s] [ext: omni.sensors.nv.materials-1.4.0-coreapi] startup
[5.043s] [ext: omni.isaac.nucleus-1.0.3] startup
2026-09-14 17:43:31 [4,963ms] [Warning] [omni.isaac.nucleus] omni.isaac.nucleus has been deprecated in favor of isaacsim.storage.native. Please update your code accordingly.
2026-09-14 17:43:31 [4,964ms] [Warning] [omni.isaac.nucleus.nucleus] omni.isaac.nucleus.nucleus has been deprecated in favor of isaacsim.storage.native. Please update your code accordingly.
[5.044s] [ext: omni.isaac.quadruped-3.0.2] startup
2026-09-14 17:43:31 [4,965ms] [Warning] [omni.isaac.quadruped] omni.isaac.quadruped has been deprecated in favor of isaacsim.robot.policy.examples. Please update your code accordingly.
[5.045s] [ext: omni.kit.manipulator.selector-1.1.1] startup
[5.048s] [ext: omni.sensors.nv.wpm-2.4.0-coreapi] startup
[5.052s] [ext: omni.sensors.nv.lidar-2.6.3-coreapi] startup
[5.058s] [ext: omni.sensors.nv.ids-1.4.0-coreapi] startup
[5.062s] [ext: isaacsim.robot.manipulators.examples-1.0.3] startup
[5.064s] [ext: isaacsim.util.debug_draw-2.0.2] startup
[5.069s] [ext: omni.sensors.tiled-0.0.6] startup
[5.071s] [ext: omni.sensors.nv.radar-2.6.1-coreapi] startup
[5.078s] [ext: omni.kit.widget.toolbar-1.7.3] startup
[5.084s] [ext: omni.kit.manipulator.transform-106.0.1] startup
[5.089s] [ext: isaacsim.sensors.physx-2.2.4] startup
[5.095s] [ext: isaacsim.sensors.rtx-13.6.3] startup
[5.103s] [ext: isaacsim.sensors.camera-0.2.9] startup
[5.111s] [ext: isaacsim.cortex.framework-1.0.2] startup
[5.114s] [ext: omni.kit.manipulator.tool.snap-1.5.12] startup
[5.135s] [ext: omni.isaac.range_sensor-4.0.2] startup
[5.137s] [ext: omni.isaac.surface_gripper-2.0.2] startup
2026-09-14 17:43:31 [5,057ms] [Warning] [omni.isaac.surface_gripper] omni.isaac.surface_gripper has been deprecated in favor of isaacsim.robot.surface_gripper. Please update your code accordingly.
[5.139s] [ext: omni.isaac.sensor-13.0.3] startup
2026-09-14 17:43:31 [5,061ms] [Warning] [omni.isaac.sensor] omni.isaac.sensor has been deprecated in favor of isaacsim.sensors.camera, isaacsim.sensors.physics, isaacsim.sensors.physx, and isaacsim.sensors.rtx. Please update your code accordingly.
2026-09-14 17:43:31 [5,061ms] [Warning] [omni.isaac.sensor.camera] omni.isaac.sensor.camera has been deprecated in favor of isaacsim.sensors.camera.camera. Please update your code accordingly.
2026-09-14 17:43:31 [5,061ms] [Warning] [omni.isaac.sensor.camera_view] omni.isaac.sensor.camera_view has been deprecated in favor of isaacsim.sensors.camera.camera_view. Please update your code accordingly.
2026-09-14 17:43:31 [5,062ms] [Warning] [omni.isaac.sensor.commands] omni.isaac.sensor.commands has been deprecated in favor of isaacsim.sensors.physics.commands, isaacsim.sensors.physx.commands, and isaacsim.sensors.rtx.commands. Please update your code accordingly.
2026-09-14 17:43:31 [5,062ms] [Warning] [omni.isaac.sensor.contact_sensor] omni.isaac.sensor.contact_sensor has been deprecated in favor of isaacsim.sensors.physics.contact_sensor. Please update your code accordingly.
2026-09-14 17:43:31 [5,062ms] [Warning] [omni.isaac.sensor.imu_sensor] omni.isaac.sensor.imu_sensor has been deprecated in favor of isaacsim.sensors.physics.imu_sensor. Please update your code accordingly.
2026-09-14 17:43:31 [5,062ms] [Warning] [omni.isaac.sensor.lidar_rtx] omni.isaac.sensor.lidar_rtx has been deprecated in favor of isaacsim.sensors.rtx.lidar_rtx. Please update your code accordingly.
2026-09-14 17:43:31 [5,062ms] [Warning] [omni.isaac.sensor.rotating_lidar_physX] omni.isaac.sensor.imu_sensor has been deprecated in favor of isaacsim.sensors.physix.rotating_lidar_physX. Please update your code accordingly.
2026-09-14 17:43:31 [5,063ms] [Warning] [omni.isaac.sensor.scripts.samples.contact_sensor] omni.isaac.sensor.scripts.samples.contact_sensor has been deprecated in favor of isaacsim.sensors.physics.scripts.samples.contact_sensor. Please update your code accordingly.
2026-09-14 17:43:31 [5,063ms] [Warning] [omni.isaac.sensor.scripts.samples.imu_sensor] omni.isaac.sensor.scripts.samples.imu_sensor has been deprecated in favor of isaacsim.sensors.physics.scripts.samples.imu_sensor. Please update your code accordingly.
2026-09-14 17:43:31 [5,063ms] [Warning] [omni.isaac.sensor.scripts.samples.lightbeam_sensor] omni.isaac.sensor.scripts.samples.lightbeam_sensor has been deprecated in favor of isaacsim.sensors.physx.scripts.samples.lightbeam_sensor. Please update your code accordingly.
[5.144s] [ext: omni.isaac.cortex-1.0.2] startup
2026-09-14 17:43:31 [5,065ms] [Warning] [omni.isaac.cortex] omni.isaac.cortex has been deprecated in favor of isaacsim.cortex.framework. Please update your code accordingly.
[5.146s] [ext: omni.kit.viewport.manipulator.transform-107.0.4] startup
[5.153s] [ext: omni.debugdraw-0.1.3] startup
[5.157s] [ext: omni.isaac.universal_robots-1.0.2] startup
2026-09-14 17:43:31 [5,078ms] [Warning] [omni.isaac.universal_robots] omni.isaac.universal_robots has been deprecated in favor of isaacsim.robot.manipulators.examples.universal_robots. Please update your code accordingly.
2026-09-14 17:43:31 [5,078ms] [Warning] [omni.isaac.universal_robots.kinematics_solver] omni.isaac.franka has been deprecated in favor of isaacsim.robot.manipulators.examples.universal_robots. Please update your code accordingly.
2026-09-14 17:43:31 [5,078ms] [Warning] [omni.isaac.universal_robots.ur10] omni.isaac.franka has been deprecated in favor of isaacsim.robot.manipulators.examples.universal_robots. Please update your code accordingly.
[5.159s] [ext: omni.isaac.utils-2.0.2] startup
[5.161s] [ext: omni.kit.manipulator.prim.core-107.0.7] startup
[5.167s] [ext: omni.fabric.commands-1.1.5] startup
[5.170s] [ext: omni.kit.manipulator.selection-106.0.1] startup
[5.172s] [ext: omni.kit.viewport.actions-107.0.0] startup
[5.175s] [ext: omni.kit.manipulator.prim.usd-107.0.3] startup
[5.177s] [ext: omni.kit.manipulator.prim.fabric-107.0.4] startup
[5.178s] [ext: isaacsim.cortex.behaviors-2.0.3] startup
[5.178s] [ext: omni.kit.widget.layers-1.8.2] startup
[5.193s] [ext: omni.kit.viewport.menubar.display-107.0.3] startup
[5.195s] [ext: omni.kit.manipulator.prim-107.0.0] startup
[5.195s] [ext: omni.isaac.cortex.sample_behaviors-2.0.2] startup
2026-09-14 17:43:31 [5,117ms] [Warning] [omni.isaac.cortex.sample_behaviors] omni.isaac.cortex.sample_behaviors has been deprecated in favor of isaacsim.cortex.behaviors. Please update your code accordingly.
[5.197s] [ext: omni.graph.ui_nodes-1.40.1] startup
[5.203s] [ext: omni.usdphysics.ui-106.5.7] startup
[5.229s] [ext: omni.physx.commands-106.5.7] startup
[5.235s] [ext: omni.kit.property.camera-1.0.9] startup
[5.238s] [ext: omni.hydra.scene_api-0.1.2] startup
[5.246s] [ext: omni.kit.property.geometry-1.3.3] startup
[5.249s] [ext: omni.kit.property.light-1.0.11] startup
[5.252s] [ext: omni.physx.ui-106.5.7] startup
[5.273s] [ext: omni.kit.property.material-1.10.17] startup
[5.279s] [ext: omni.kit.property.render-1.1.3] startup
[5.281s] [ext: omni.kit.property.transform-1.5.10] startup
[5.284s] [ext: omni.kit.property.audio-1.0.16] startup
[5.288s] [ext: isaacsim.gui.property-1.0.4] startup
[5.290s] [ext: omni.physx.demos-106.5.7] startup
[5.303s] [ext: omni.kit.property.physx-106.5.7] startup
[5.361s] [ext: omni.isaac.lula-4.0.2] startup
2026-09-14 17:43:31 [5,284ms] [Warning] [omni.isaac.lula] omni.isaac.lula has been deprecated in favor of isaacsim.robot_motion.lula. Please update your code accordingly.
[5.364s] [ext: omni.kit.property.bundle-1.3.2] startup
[5.367s] [ext: omni.kit.property.isaac-1.0.2] startup
2026-09-14 17:43:31 [5,288ms] [Warning] [omni.kit.property.isaac] omni.kit.property.isaac has been deprecated in favor of isaacsim.gui.property. Please update your code accordingly.
2026-09-14 17:43:31 [5,288ms] [Warning] [omni.kit.property.isaac.widgets] omni.kit.property.isaac.widgets has been deprecated in favor of isaacsim.gui.property.widgets. Please update your code accordingly.
[5.368s] [ext: omni.physx.vehicle-106.5.7] startup
[5.384s] [ext: omni.kit.viewport.menubar.camera-107.0.2] startup
[5.389s] [ext: omni.kit.viewport.menubar.lighting-106.0.2] startup
[5.393s] [ext: omni.kit.viewport.menubar.render-107.0.8] startup
[5.397s] [ext: omni.kit.viewport.menubar.settings-107.0.3] startup
[5.401s] [ext: omni.kit.window.console-0.2.14] startup
[5.411s] [ext: omni.physx.camera-106.5.7] startup
[5.419s] [ext: omni.kit.window.toolbar-1.6.2] startup
[5.425s] [ext: omni.isaac.version-2.0.2] startup
2026-09-14 17:43:31 [5,347ms] [Warning] [omni.isaac.version] omni.isaac.version has been deprecated in favor of isaacsim.core.version. Please update your code accordingly.
[5.427s] [ext: isaacsim.robot.wheeled_robots-4.0.3] startup
[5.433s] [ext: omni.physx.cct-106.5.7] startup
[5.450s] [ext: omni.physx.graph-106.5.7] startup
[5.480s] [ext: isaacsim.replicator.writers-1.0.1] startup
[5.537s] [ext: omni.physx.supportui-106.5.7] startup
[5.581s] [ext: omni.physx.telemetry-106.5.7] startup
[5.590s] [ext: omni.isaac.wheeled_robots-3.0.3] startup
2026-09-14 17:43:32 [5,512ms] [Warning] [omni.isaac.wheeled_robots] omni.isaac.wheeled_robots has been deprecated in favor of isaacsim.robot.wheeled_robots. Please update your code accordingly.
2026-09-14 17:43:32 [5,514ms] [Warning] [omni.isaac.wheeled_robots.controllers] omni.isaac.wheeled_robots has been deprecated in favor of isaacsim.robot.wheeled_robots. Please update your code accordingly.
2026-09-14 17:43:32 [5,514ms] [Warning] [omni.isaac.wheeled_robots.controllers.ackermann_controller] omni.isaac.wheeled_robots has been deprecated in favor of isaacsim.robot.wheeled_robots. Please update your code accordingly.
2026-09-14 17:43:32 [5,514ms] [Warning] [omni.isaac.wheeled_robots.controllers.differential_controller] omni.isaac.wheeled_robots has been deprecated in favor of isaacsim.robot.wheeled_robots. Please update your code accordingly.
2026-09-14 17:43:32 [5,514ms] [Warning] [omni.isaac.wheeled_robots.controllers.holonomic_controller] omni.isaac.wheeled_robots has been deprecated in favor of isaacsim.robot.wheeled_robots. Please update your code accordingly.
2026-09-14 17:43:32 [5,514ms] [Warning] [omni.isaac.wheeled_robots.controllers.quintic_path_planner] omni.isaac.wheeled_robots has been deprecated in favor of isaacsim.robot.wheeled_robots. Please update your code accordingly.
2026-09-14 17:43:32 [5,514ms] [Warning] [omni.isaac.wheeled_robots.controllers.stanley_control] omni.isaac.wheeled_robots has been deprecated in favor of isaacsim.robot.wheeled_robots. Please update your code accordingly.
2026-09-14 17:43:32 [5,514ms] [Warning] [omni.isaac.wheeled_robots.controllers.wheel_base_pose_controller] omni.isaac.wheeled_robots has been deprecated in favor of isaacsim.robot.wheeled_robots. Please update your code accordingly.
2026-09-14 17:43:32 [5,514ms] [Warning] [omni.isaac.wheeled_robots.impl] omni.isaac.wheeled_robots has been deprecated in favor of isaacsim.robot.wheeled_robots. Please update your code accordingly.
2026-09-14 17:43:32 [5,514ms] [Warning] [omni.isaac.wheeled_robots.robots] omni.isaac.wheeled_robots has been deprecated in favor of isaacsim.robot.wheeled_robots. Please update your code accordingly.
2026-09-14 17:43:32 [5,514ms] [Warning] [omni.isaac.wheeled_robots.robots.holonomic_robot_usd_setup] omni.isaac.wheeled_robots has been deprecated in favor of isaacsim.robot.wheeled_robots. Please update your code accordingly.
2026-09-14 17:43:32 [5,514ms] [Warning] [omni.isaac.wheeled_robots.robots.wheeled_robot] omni.isaac.wheeled_robots has been deprecated in favor of isaacsim.robot.wheeled_robots. Please update your code accordingly.
[5.595s] [ext: omni.isaac.franka-1.0.2] startup
2026-09-14 17:43:32 [5,518ms] [Warning] [omni.isaac.franka] omni.isaac.franka has been deprecated in favor of isaacsim.robot.manipulators.examples.franka. Please update your code accordingly.
2026-09-14 17:43:32 [5,518ms] [Warning] [omni.isaac.franka.franka] omni.isaac.franka has been deprecated in favor of isaacsim.robot.manipulators.examples.franka. Please update your code accordingly.
2026-09-14 17:43:32 [5,519ms] [Warning] [omni.isaac.franka.kinematics_solver] omni.isaac.franka has been deprecated in favor of isaacsim.robot.manipulators.examples.franka. Please update your code accordingly.
[5.599s] [ext: isaacsim.replicator.domain_randomization-1.0.2] startup
[5.605s] [ext: isaacsim.replicator.examples-1.1.2] startup
[5.610s] [ext: omni.kit.window.status_bar-0.1.7] startup
[5.626s] [ext: omni.rtx.window.settings-0.6.17] startup
[5.643s] [ext: omni.usd.metrics.assembler-106.5.0] startup
[5.656s] [ext: omni.physx.bundle-106.5.7] startup
[5.656s] [ext: isaacsim.app.about-2.0.7] startup
[5.660s] [ext: omni.replicator.isaac-2.0.3] startup
2026-09-14 17:43:32 [5,582ms] [Warning] [omni.replicator.isaac] omni.replicator.isaac has been deprecated in favor of isaacsim.replicator.domain_randomization, isaacsim.replicator.examples, isaacsim.replicator.writers. Please update your code accordingly.
[5.662s] [ext: omni.replicator.replicator_yaml-2.0.10] startup
[5.677s] [ext: omni.rtx.settings.core-0.6.3] startup
[5.683s] [ext: omni.usd.metrics.assembler.ui-106.5.0] startup
[5.692s] [ext: isaacsim.simulation_app-2.4.2] startup
[5.693s] [ext: omni.isaac.window.about-2.0.2] startup
2026-09-14 17:43:32 [5,615ms] [Warning] [omni.isaac.window.about] omni.isaac.window.about has been deprecated in favor of isaacsim.app.about. Please update your code accordingly.
2026-09-14 17:43:32 [5,615ms] [Warning] [omni.isaac.window.about.about] omni.isaac.window.about.about has been deprecated in favor of isaacsim.app.about.about. Please update your code accordingly.
[5.695s] [ext: semantics.schema.editor-0.3.10] startup
[5.697s] [ext: omni.kit.ui.actions-1.0.2] startup
[5.699s] [ext: semantics.schema.property-1.0.5] startup
[5.701s] [ext: omni.kit.manipulator.camera-106.0.3] startup
[5.705s] [ext: omni.isaac.kit-2.0.3] startup
2026-09-14 17:43:32 [5,625ms] [Warning] [omni.isaac.kit] omni.isaac.kit has been deprecated in favor of isaacsim.simulation_app. Please update your code accordingly.
[5.706s] [ext: omni.isaac.asset_browser-1.0.2] startup
2026-09-14 17:43:32 [5,627ms] [Warning] [omni.isaac.asset_browser] omni.isaac.asset_browser has been deprecated in favor of isaacsim.asset.browser. Please update your code accordingly.
[5.707s] [ext: isaacsim.core.throttling-2.0.2] startup
[5.709s] [ext: omni.kit.menu.common-1.1.9] startup
[5.711s] [ext: isaacsim.exp.base-4.5.0] startup
[5.712s] [ext: isaacsim.exp.base.python-4.5.0] startup
[5.715s] Simulation App Starting
2026-09-14 17:43:32 [5,762ms] [Warning] [carb.audio.device] audio device is misconfigured or broken {deviceIndex = 0, name = 'default'} (The device is likely misconfigured, check your $HOME/.asoundrc)
2026-09-14 17:43:32 [5,762ms] [Warning] [carb.audio.output] failed to retrieve the capabilities for device 0 {result = eDeviceLost (2)}
2026-09-14 17:43:32 [5,762ms] [Warning] [carb.audio.context] failed to set the requested output during context creation.  Using a null streamer instead {result = eDeviceLost (2)}
[5.885s] app ready
2026-09-14 17:43:32 [5,928ms] [Warning] [rtx.scenedb.plugin] SceneDbContext : TLAS limit buffer size 7508933632
2026-09-14 17:43:32 [5,928ms] [Warning] [rtx.scenedb.plugin] SceneDbContext : TLAS limit : valid false, within: false
2026-09-14 17:43:32 [5,928ms] [Warning] [rtx.scenedb.plugin] SceneDbContext : TLAS limit : decrement: 167690, decrement size: 7433845248
2026-09-14 17:43:32 [5,928ms] [Warning] [rtx.scenedb.plugin] SceneDbContext : New limit 9574251 (slope: 447, intercept: 13179904)
2026-09-14 17:43:32 [5,928ms] [Warning] [rtx.scenedb.plugin] SceneDbContext : TLAS limit buffer size 4287216384
2026-09-14 17:43:32 [5,928ms] [Warning] [rtx.scenedb.plugin] SceneDbContext : TLAS limit : valid true, within: true
2026-09-14 17:43:33 [6,410ms] [Warning] [omni.usd-abi.plugin] No setting was found for '/rtx-defaults-transient/meshlights/forceDisable'
2026-09-14 17:43:33 [6,523ms] [Warning] [omni.usd-abi.plugin] No setting was found for '/rtx-defaults/post/dlss/execMode'
2026-09-14 17:43:36 [9,437ms] [Warning] [rtx.postprocessing.plugin] DLSS increasing input dimensions: Render resolution of (480, 270) is below minimal input resolution of 300.
[9.658s] Simulation App Startup Complete
2026-09-14 17:43:37 [10,932ms] [Warning] [omni.hydra.scene_delegate.plugin] Calling getBypassRenderSkelMeshProcessing for prim /World/grip/Robotiq_2F_85/left_inner_finger/Defeatured_2F_85_PAD_OPEN_fingertipsstep_01.proto_Defeatured_2F_85_PAD_OPEN_fingertipsstep_id0 that has not been populated
2026-09-14 17:43:37 [11,069ms] [Warning] [omni.syntheticdata.plugin] OgnSdPostRenderVarToHost : rendervar copy from texture directly to host buffer is counter-performant. Please use copy from texture to device buffer first.
2026-09-14 17:43:37 [11,134ms] [Warning] [omni.physx.plugin] The rigid body at /World/arm/base has a possibly invalid inertia tensor of {1.0, 1.0, 1.0} and a negative mass, small sphere approximated inertia was used. Either specify correct values in the mass properties, or add collider(s) to any shape(s) that you wish to automatically compute mass properties for.
2026-09-14 17:43:37 [11,134ms] [Warning] [omni.physx.plugin] The rigid body at /World/arm/flange has a possibly invalid inertia tensor of {1.0, 1.0, 1.0} and a negative mass, small sphere approximated inertia was used. Either specify correct values in the mass properties, or add collider(s) to any shape(s) that you wish to automatically compute mass properties for.
2026-09-14 17:43:37 [11,134ms] [Warning] [omni.physx.plugin] The rigid body at /World/arm/tool0 has a possibly invalid inertia tensor of {1.0, 1.0, 1.0} and a negative mass, small sphere approximated inertia was used. Either specify correct values in the mass properties, or add collider(s) to any shape(s) that you wish to automatically compute mass properties for.
2026-09-14 17:43:37 [11,134ms] [Warning] [omni.physx.plugin] Detected an articulation at /World/arm with more than 4 velocity iterations being added to a TGS scene.The related behavior changed recently, please consult the changelog. This warning will only print once.
2026-09-14 17:43:38 [11,495ms] [Warning] [omni.syntheticdata.plugin] SdRenderVarPtr missing valid input renderVar LdrColorSDhost
2026-09-14 17:43:38 [11,574ms] [Warning] [carb.windowing-glfw.plugin] GLFW initialization failed.
2026-09-14 17:43:38 [11,574ms] [Warning] [carb] Failed to startup plugin carb.windowing-glfw.plugin (interfaces: [carb::windowing::IGLContext v1.0],[carb::windowing::IWindowing v1.5]) (impl: carb.windowing-glfw.plugin)
2026-09-14 17:43:39 [12,668ms] [Warning] [carb] Plugin interface for a client: omni.hydratexture.plugin was already released.
[12.812s] Simulation App Shutting Down
