[Warning] [simulation_app.simulation_app] Modules: ['omni.kit_app'] were loaded before SimulationApp was started and might not be loaded correctly.
[Warning] [simulation_app.simulation_app] Please check to make sure no extra omniverse or pxr modules are imported before the call to SimulationApp(...)
[Info] [carb] Logging to file: /local_data/jz6676/miniconda3/envs/DWAM/lib/python3.10/site-packages/omni/logs/Kit/Isaac-Sim Python/4.5/kit_20260914_153715.log
2026-09-14 19:37:15 [0ms] [Warning] [omni.kit.app.plugin] No crash reporter present, dumps uploading isn't available.
[0.132s] [ext: omni.kit.async_engine-0.0.1] startup
[0.233s] [ext: omni.metrics.core-0.0.1] startup
[0.234s] [ext: omni.client.lib-1.0.0] startup
[0.251s] [ext: omni.blobkey-1.1.2] startup
[0.251s] [ext: omni.stats-1.0.1] startup
[0.252s] [ext: omni.datastore-0.0.0] startup
[0.257s] [ext: omni.client-1.2.2] startup
[0.265s] [ext: omni.ujitso.default-1.0.0] startup
[0.267s] [ext: omni.hsscclient-1.1.1] startup
2026-09-14 19:37:15 [191ms] [Warning] [omni.datastore] OmniHub is inaccessible
[0.272s] [ext: omni.gpu_foundation.shadercache.vulkan-1.0.0] startup
[0.274s] [ext: omni.assets.plugins-0.0.0] startup
[0.276s] [ext: omni.gpu_foundation-0.0.0] startup
[0.283s] [ext: carb.windowing.plugins-1.0.0] startup
2026-09-14 19:37:15 [206ms] [Warning] [carb.windowing-glfw.plugin] GLFW initialization failed.
2026-09-14 19:37:15 [206ms] [Warning] [carb] Failed to startup plugin carb.windowing-glfw.plugin (interfaces: [carb::windowing::IGLContext v1.0],[carb::windowing::IWindowing v1.5]) (impl: carb.windowing-glfw.plugin)
[0.283s] [ext: omni.kit.renderer.init-0.0.0] startup
2026-09-14 19:37:15 [252ms] [Warning] [omni.platforminfo.plugin] failed to open the default display.  Can't verify X Server version.
2026-09-14 19:37:16 [668ms] [Warning] [carb.cudainterop.plugin] CUDA_VISIBLE_DEVICES environment variable is set.
2026-09-14 19:37:16 [668ms] [Warning] [carb.cudainterop.plugin] Note CUDA device enumeration and Omniverse device enumeration are different.
2026-09-14 19:37:16 [668ms] [Warning] [carb.cudainterop.plugin] Setting CUDA_VISIBLE_DEVICES can lead to undesired behavior or crashes.
2026-09-14 19:37:16 [1,035ms] [Warning] [gpu.foundation.plugin] Skipping NVIDIA GPU due CUDA being in bad state: NVIDIA RTX 6000 Ada Generation
2026-09-14 19:37:16 [1,035ms] [Warning] [gpu.foundation.plugin] Please restart your system if CUDA is known to work in your system.
2026-09-14 19:37:16 [1,037ms] [Warning] [gpu.foundation.plugin] Skipping NVIDIA GPU due CUDA being in bad state: NVIDIA RTX 6000 Ada Generation
2026-09-14 19:37:16 [1,037ms] [Warning] [gpu.foundation.plugin] Please restart your system if CUDA is known to work in your system.
2026-09-14 19:37:16 [1,039ms] [Warning] [gpu.foundation.plugin] Skipping NVIDIA GPU due CUDA being in bad state: NVIDIA RTX 6000 Ada Generation
2026-09-14 19:37:16 [1,039ms] [Warning] [gpu.foundation.plugin] Please restart your system if CUDA is known to work in your system.
2026-09-14 19:37:16 [1,041ms] [Warning] [gpu.foundation.plugin] Skipping NVIDIA GPU due CUDA being in bad state: NVIDIA RTX 6000 Ada Generation
2026-09-14 19:37:16 [1,041ms] [Warning] [gpu.foundation.plugin] Please restart your system if CUDA is known to work in your system.
2026-09-14 19:37:16 [1,043ms] [Warning] [gpu.foundation.plugin] Skipping NVIDIA GPU due CUDA being in bad state: NVIDIA RTX 6000 Ada Generation
2026-09-14 19:37:16 [1,043ms] [Warning] [gpu.foundation.plugin] Please restart your system if CUDA is known to work in your system.
2026-09-14 19:37:16 [1,045ms] [Warning] [gpu.foundation.plugin] Skipping NVIDIA GPU due CUDA being in bad state: NVIDIA RTX 6000 Ada Generation
2026-09-14 19:37:16 [1,045ms] [Warning] [gpu.foundation.plugin] Please restart your system if CUDA is known to work in your system.
2026-09-14 19:37:16 [1,047ms] [Warning] [gpu.foundation.plugin] Skipping NVIDIA GPU due CUDA being in bad state: NVIDIA RTX 6000 Ada Generation
2026-09-14 19:37:16 [1,047ms] [Warning] [gpu.foundation.plugin] Please restart your system if CUDA is known to work in your system.
2026-09-14 19:37:16 [1,047ms] [Warning] [gpu.foundation.plugin] Skipping NVIDIA GPU due CUDA being in bad state: NVIDIA RTX 6000 Ada Generation
2026-09-14 19:37:16 [1,047ms] [Warning] [gpu.foundation.plugin] Please restart your system if CUDA is known to work in your system.
2026-09-14 19:37:16 [1,047ms] [Warning] [gpu.foundation.plugin] Skipping NVIDIA GPU due CUDA being in bad state: NVIDIA RTX 6000 Ada Generation
2026-09-14 19:37:16 [1,047ms] [Warning] [gpu.foundation.plugin] Please restart your system if CUDA is known to work in your system.
2026-09-14 19:37:16 [1,047ms] [Warning] [gpu.foundation.plugin] Skipping NVIDIA GPU due CUDA being in bad state: NVIDIA RTX 6000 Ada Generation
2026-09-14 19:37:16 [1,047ms] [Warning] [gpu.foundation.plugin] Please restart your system if CUDA is known to work in your system.
2026-09-14 19:37:16 [1,047ms] [Warning] [gpu.foundation.plugin] Skipping NVIDIA GPU due CUDA being in bad state: NVIDIA RTX 6000 Ada Generation
2026-09-14 19:37:16 [1,047ms] [Warning] [gpu.foundation.plugin] Please restart your system if CUDA is known to work in your system.
2026-09-14 19:37:16 [1,047ms] [Warning] [gpu.foundation.plugin] Skipping NVIDIA GPU due CUDA being in bad state: NVIDIA RTX 6000 Ada Generation
2026-09-14 19:37:16 [1,047ms] [Warning] [gpu.foundation.plugin] Please restart your system if CUDA is known to work in your system.
2026-09-14 19:37:16 [1,047ms] [Warning] [gpu.foundation.plugin] Skipping NVIDIA GPU due CUDA being in bad state: NVIDIA RTX 6000 Ada Generation
2026-09-14 19:37:16 [1,047ms] [Warning] [gpu.foundation.plugin] Please restart your system if CUDA is known to work in your system.
2026-09-14 19:37:16 [1,047ms] [Warning] [gpu.foundation.plugin] Skipping NVIDIA GPU due CUDA being in bad state: NVIDIA RTX 6000 Ada Generation
2026-09-14 19:37:16 [1,047ms] [Warning] [gpu.foundation.plugin] Please restart your system if CUDA is known to work in your system.

|---------------------------------------------------------------------------------------------|
| Driver Version: 580.173.02    | Graphics API: Vulkan
|=============================================================================================|
| GPU | Name                             | Active | LDA | GPU Memory | Vendor-ID | LUID       |
|     |                                  |        |     |            | Device-ID | UUID       |
|     |                                  |        |     |            | Bus-ID    |            |
|---------------------------------------------------------------------------------------------|
| 0   | NVIDIA RTX 6000 Ada Generation   | Yes: 0 |     | 49386   MB | 10de      | 0          |
|     |                                  |        |     |            | 26b1      | 5cf01ab6.. |
|     |                                  |        |     |            | 3         |            |
|---------------------------------------------------------------------------------------------|
| 1   | NVIDIA RTX 6000 Ada Generation   |        |     | 49386   MB | 10de      | 0          |
|     |                                  |        |     |            | 26b1      | 015d4691.. |
|     |                                  |        |     |            | 4         |            |
|---------------------------------------------------------------------------------------------|
| 2   | NVIDIA RTX 6000 Ada Generation   |        |     | 49386   MB | 10de      | 0          |
|     |                                  |        |     |            | 26b1      | c721f1ba.. |
|     |                                  |        |     |            | 64        |            |
|---------------------------------------------------------------------------------------------|
| 3   | NVIDIA RTX 6000 Ada Generation   |        |     | 49386   MB | 10de      | 0          |
|     |                                  |        |     |            | 26b1      | 21f227bc.. |
|     |                                  |        |     |            | 65        |            |
|---------------------------------------------------------------------------------------------|
| 4   | NVIDIA RTX 6000 Ada Generation   |        |     | 49386   MB | 10de      | 0          |
|     |                                  |        |     |            | 26b1      | f6c526ad.. |
|     |                                  |        |     |            | 83        |            |
|---------------------------------------------------------------------------------------------|
| 5   | NVIDIA RTX 6000 Ada Generation   |        |     | 49386   MB | 10de      | 0          |
|     |                                  |        |     |            | 26b1      | d30c9b17.. |
|     |                                  |        |     |            | 84        |            |
|---------------------------------------------------------------------------------------------|
| 6   | NVIDIA RTX 6000 Ada Generation   |        |     | 49386   MB | 10de      | 0          |
|     |                                  |        |     |            | 26b1      | 6aa4e7d4.. |
|     |                                  |        |     |            | e3        |            |
|---------------------------------------------------------------------------------------------|
| 7   | NVIDIA RTX 6000 Ada Generation   |        |     | 49386   MB | 10de      | 0          |
|     |                                  |        |     |            | 26b1      | d3923524.. |
|     |                                  |        |     |            | e4        |            |
|=============================================================================================|
| OS: 24.04.4 LTS (Noble Numbat) ubuntu, Version: 24.04.4, Kernel: 6.8.0-139-generic
| Processor: AMD EPYC 9355 32-Core Processor
| Cores: 64 | Logical Cores: 128
|---------------------------------------------------------------------------------------------|
| Total Memory (MB): 1160635 | Free Memory: 1009511
| Total Page/Swap (MB): 8191 | Free Page/Swap: 5377
|---------------------------------------------------------------------------------------------|
[2.112s] [ext: omni.kit.pipapi-0.0.0] startup
[2.113s] [ext: omni.materialx.libs-1.0.6] startup
[2.119s] [ext: omni.kit.pip_archive-0.0.0] startup
[2.119s] [ext: omni.usd.config-1.0.5] startup
[2.122s] [ext: omni.gpucompute.plugins-0.0.0] startup
[2.122s] [ext: omni.usd.libs-1.0.1] startup
[2.179s] [ext: omni.mdl-55.0.1] startup
[2.192s] [ext: omni.iray.libs-0.0.0] startup
[2.197s] [ext: omni.mdl.neuraylib-0.2.10] startup
[2.198s] [ext: omni.kit.usd.mdl-1.0.7] startup
[2.268s] [ext: omni.kit.telemetry-0.5.1] startup
[2.315s] [ext: omni.kit.loop-isaac-1.2.1] startup
[2.318s] [ext: omni.kit.test-1.1.2] startup
[2.353s] [ext: omni.appwindow-1.1.9] startup
2026-09-14 19:37:17 [2,276ms] [Warning] [carb.windowing-glfw.plugin] GLFW initialization failed.
2026-09-14 19:37:17 [2,276ms] [Warning] [carb] Failed to startup plugin carb.windowing-glfw.plugin (interfaces: [carb::windowing::IGLContext v1.0],[carb::windowing::IWindowing v1.5]) (impl: carb.windowing-glfw.plugin)
[2.356s] [ext: omni.kit.renderer.core-1.0.2] startup
2026-09-14 19:37:17 [2,309ms] [Warning] [carb.windowing-glfw.plugin] GLFW initialization failed.
2026-09-14 19:37:17 [2,309ms] [Warning] [carb] Failed to startup plugin carb.windowing-glfw.plugin (interfaces: [carb::windowing::IGLContext v1.0],[carb::windowing::IWindowing v1.5]) (impl: carb.windowing-glfw.plugin)
2026-09-14 19:37:17 [2,319ms] [Warning] [carb.windowing-glfw.plugin] GLFW initialization failed.
2026-09-14 19:37:17 [2,319ms] [Warning] [carb] Failed to startup plugin carb.windowing-glfw.plugin (interfaces: [carb::windowing::IGLContext v1.0],[carb::windowing::IWindowing v1.5]) (impl: carb.windowing-glfw.plugin)
[2.398s] [ext: omni.kit.renderer.capture-0.0.0] startup
[2.400s] [ext: omni.kit.renderer.imgui-1.0.2] startup
2026-09-14 19:37:17 [2,328ms] [Warning] [carb.windowing-glfw.plugin] GLFW initialization failed.
2026-09-14 19:37:17 [2,328ms] [Warning] [carb] Failed to startup plugin carb.windowing-glfw.plugin (interfaces: [carb::windowing::IGLContext v1.0],[carb::windowing::IWindowing v1.5]) (impl: carb.windowing-glfw.plugin)
2026-09-14 19:37:17 [2,329ms] [Warning] [carb.windowing-glfw.plugin] GLFW initialization failed.
2026-09-14 19:37:17 [2,329ms] [Warning] [carb] Failed to startup plugin carb.windowing-glfw.plugin (interfaces: [carb::windowing::IGLContext v1.0],[carb::windowing::IWindowing v1.5]) (impl: carb.windowing-glfw.plugin)
2026-09-14 19:37:17 [2,329ms] [Warning] [carb.windowing-glfw.plugin] GLFW initialization failed.
2026-09-14 19:37:17 [2,329ms] [Warning] [carb] Failed to startup plugin carb.windowing-glfw.plugin (interfaces: [carb::windowing::IGLContext v1.0],[carb::windowing::IWindowing v1.5]) (impl: carb.windowing-glfw.plugin)
[2.478s] [ext: omni.ui-2.26.5] startup
[2.487s] [ext: omni.kit.mainwindow-1.0.3] startup
[2.488s] [ext: carb.audio-0.1.0] startup
[2.493s] [ext: omni.uiaudio-1.0.0] startup
[2.494s] [ext: omni.kit.uiapp-0.0.0] startup
[2.494s] [ext: omni.usd.schema.metrics.assembler-106.5.0] startup
[2.501s] [ext: omni.usd.schema.anim-0.0.0] startup
[2.516s] [ext: omni.usd.schema.audio-0.0.0] startup
[2.522s] [ext: omni.usd.schema.isaac-3.0.2] startup
[2.522s] [ext: omni.usd.schema.omnigraph-1.0.0] startup
[2.528s] [ext: omni.usd.schema.forcefield-106.5.7] startup
[2.536s] [ext: omni.usd.schema.semantics-0.0.0] startup
[2.538s] [ext: omni.usd.schema.physx-106.5.7] startup
[2.559s] [ext: omni.usd.schema.geospatial-0.0.0] startup
[2.561s] [ext: omni.usd_resolver-1.0.0] startup
[2.565s] [ext: omni.kit.window.popup_dialog-2.0.24] startup
[2.569s] [ext: usdrt.scenegraph-7.5.1] startup
[2.600s] [ext: omni.timeline-1.0.11] startup
[2.603s] [ext: omni.usd.core-1.4.2] startup
[2.606s] [ext: omni.resourcemonitor-107.0.0] startup
[2.609s] [ext: omni.activity.core-1.0.1] startup
[2.611s] [ext: omni.kit.widget.nucleus_connector-1.1.10] startup
[2.614s] [ext: omni.hydra.usdrt_delegate-7.5.1] startup
[2.626s] [ext: omni.kit.actions.core-1.0.0] startup
[2.631s] [ext: omni.graph.exec-0.9.4] startup
[2.631s] [ext: omni.kit.commands-1.4.9] startup
[2.635s] [ext: omni.kit.usd_undo-0.1.8] startup
[2.636s] [ext: omni.kit.exec.core-0.13.4] startup
[2.638s] [ext: omni.kit.audiodeviceenum-1.0.1] startup
[2.639s] [ext: omni.hydra.scene_delegate-0.3.3] startup
[2.644s] [ext: omni.usd-1.12.4] startup
[2.676s] [ext: omni.inspect-1.0.1] startup
[2.678s] [ext: omni.kit.notification_manager-1.0.9] startup
[2.679s] [ext: omni.graph.core-2.181.8] startup
[2.683s] [ext: isaacsim.core.deprecation_manager-0.2.2] startup
[2.684s] [ext: omni.usd.schema.omniscripting-1.0.0] startup
[2.687s] [ext: isaacsim.robot.schema-3.1.2] startup
[2.693s] [ext: omni.kit.asset_converter-2.8.3] startup
[2.702s] [ext: omni.kit.menu.core-1.1.2] startup
[2.703s] [ext: omni.kvdb-106.5.7] startup
[2.705s] [ext: omni.kit.widget.context_menu-1.2.4] startup
[2.706s] [ext: omni.kit.usd.layers-2.2.0] startup
[2.712s] [ext: omni.kit.property.adapter.core-1.0.2] startup
[2.713s] [ext: omni.localcache-106.5.7] startup
[2.715s] [ext: omni.convexdecomposition-106.5.7] startup
[2.718s] [ext: omni.warp.core-1.5.0] startup
[2.889s] [ext: omni.kit.context_menu-1.8.3] startup
[2.891s] [ext: omni.kit.hotkeys.core-1.3.10] startup
[2.893s] [ext: omni.kit.property.adapter.fabric-1.0.3] startup
[2.894s] [ext: omni.usdphysics-106.5.7] startup
[2.897s] [ext: omni.kit.widget.path_field-2.0.11] startup
[2.898s] [ext: omni.kit.widget.options_menu-1.1.6] startup
[2.899s] [ext: omni.kit.helper.file_utils-0.1.9] startup
[2.901s] [ext: omni.kit.widget.browser_bar-2.0.10] startup
[2.901s] [ext: omni.kit.widget.options_button-1.0.3] startup
[2.902s] [ext: omni.kit.widget.filebrowser-2.10.52] startup
[2.904s] [ext: omni.kit.clipboard-1.0.5] startup
[2.905s] [ext: omni.graph.tools-1.79.1] startup
[2.918s] [ext: omni.ui.scene-1.11.2] startup
[2.923s] [ext: omni.graph.image.core-0.6.0] startup
[2.924s] [ext: omni.kit.window.filepicker-2.11.7] startup
[2.931s] [ext: omni.kit.widget.searchfield-1.1.8] startup
[2.932s] [ext: omni.graph.image.nodes-1.3.0] startup
[2.935s] [ext: omni.graph-1.140.2] startup
[2.962s] [ext: omni.kit.window.file_exporter-1.0.31] startup
[2.965s] [ext: omni.kit.widget.filter-1.1.4] startup
[2.967s] [ext: omni.physx.foundation-106.5.7] startup
[2.969s] [ext: omni.graph.nodes-1.162.1] startup
[2.979s] [ext: omni.kit.widget.stage-2.11.6] startup
[2.987s] [ext: omni.hydra.rtx.shadercache.vulkan-1.0.0] startup
[2.989s] [ext: omni.hydra.engine.stats-1.0.3] startup
[2.992s] [ext: omni.graph.action_core-1.1.7] startup
[2.994s] [ext: omni.kit.widget.highlight_label-1.0.3] startup
[2.995s] [ext: omni.ujitso.processor.texture-1.0.0] startup
[2.997s] [ext: omni.index.libs-380600.1777.0] startup
[2.997s] [ext: omni.kit.window.file_importer-1.1.14] startup
[2.998s] [ext: omni.kit.stage_template.core-1.1.22] startup
[2.999s] [ext: omni.volume-0.5.0] startup
[3.004s] [ext: omni.ujitso.client-0.0.0] startup
[3.006s] [ext: omni.index-1.0.1] startup
[3.006s] [ext: omni.kit.window.file-1.3.57] startup
[3.009s] [ext: omni.hydra.rtx-1.0.0] startup
2026-09-14 19:37:18 [2,937ms] [Warning] [omni.log] Source: omni.hydra was already registered.
[3.026s] [ext: omni.kit.viewport.registry-104.0.6] startup
[3.027s] [ext: omni.kit.viewport.legacy_gizmos-1.0.16] startup
[3.029s] [ext: omni.kit.raycast.query-1.0.5] startup
[3.033s] [ext: omni.kit.viewport.scene_camera_model-1.0.5] startup
[3.037s] [ext: omni.kit.hydra_texture-1.4.0] startup
[3.040s] [ext: omni.kit.menu.utils-1.7.7] startup
[3.047s] [ext: omni.kit.window.drop_support-1.0.4] startup
[3.048s] [ext: omni.kit.widget.viewport-107.0.7] startup
[3.052s] [ext: omni.kit.material.library-1.5.15] startup
[3.055s] [ext: omni.kit.window.content_browser_registry-0.0.6] startup
[3.057s] [ext: omni.kit.viewport.window-107.0.8] startup
[3.071s] [ext: omni.graph.action_nodes-1.40.1] startup
[3.075s] [ext: omni.kit.window.property-1.11.5] startup
[3.079s] [ext: omni.kit.window.content_browser-2.10.3] startup
[3.098s] [ext: omni.kit.property.adapter.usd-1.0.2] startup
[3.100s] [ext: omni.kit.viewport.utility-1.0.18] startup
[3.102s] [ext: omni.graph.action-1.120.0] startup
[3.104s] [ext: omni.kit.property.usd-4.2.16] startup
[3.139s] [ext: omni.physx.cooking-106.5.7] startup
[3.151s] [ext: omni.kit.widget.stage_icons-1.0.6] startup
[3.152s] [ext: omni.kit.widget.zoombar-1.0.5] startup
[3.154s] [ext: omni.physics.tensors-106.5.7] startup
[3.164s] [ext: omni.kit.widget.prompt-1.0.7] startup
[3.166s] [ext: omni.kit.usd.collect-2.2.22] startup
[3.169s] [ext: omni.physx-106.5.7] startup
[3.186s] [ext: omni.kit.window.stage-2.5.11] startup
[3.191s] [ext: omni.kit.browser.core-2.3.11] startup
[3.195s] [ext: omni.kit.widget.text_editor-1.0.2] startup
[3.197s] [ext: omni.physx.tensors-106.5.7] startup
[3.204s] [ext: omni.kit.tool.collect-2.2.16] startup
[3.206s] [ext: omni.kit.menu.stage-1.2.5] startup
[3.207s] [ext: omni.kit.browser.folder.core-1.10.1] startup
[3.211s] [ext: omni.warp-1.5.0] startup
[3.216s] [ext: isaacsim.examples.browser-0.1.8] startup
[3.221s] [ext: omni.physx.stageupdate-106.5.7] startup
[3.224s] [ext: omni.kit.numpy.common-0.1.2] startup
[3.227s] [ext: isaacsim.core.version-2.0.2] startup
[3.228s] [ext: omni.isaac.dynamic_control-1.3.15] startup
2026-09-14 19:37:18 [3,155ms] [Warning] [omni.isaac.dynamic_control] omni.isaac.dynamic_control is deprecated as of Isaac Sim 4.5. No action is needed from end-users.
[3.233s] [ext: isaacsim.storage.native-1.0.6] startup
[3.235s] [ext: omni.kit.menu.create-1.0.17] startup
[3.238s] [ext: isaacsim.core.utils-2.2.8] startup
[3.242s] [ext: omni.kit.widget.searchable_combobox-1.0.6] startup
[3.244s] [ext: omni.kit.primitive.mesh-1.0.17] startup
[3.250s] [ext: isaacsim.core.simulation_manager-0.3.3] startup
[4.222s] [ext: omni.kit.scripting-106.5.2] startup
[4.228s] [ext: omni.kit.stage_templates-1.2.6] startup
[4.232s] [ext: isaacsim.core.prims-0.3.7] startup
[4.244s] [ext: isaacsim.replicator.behavior-1.0.8] startup
[4.246s] [ext: isaacsim.core.api-4.2.16] startup
[4.253s] [ext: omni.ui_query-1.1.7] startup
[4.255s] [ext: omni.kit.manipulator.viewport-107.0.1] startup
[4.257s] [ext: omni.kit.ui_test-1.3.3] startup
[4.258s] [ext: omni.kit.window.extensions-1.4.25] startup
[4.263s] [ext: omni.graph.visualization.nodes-2.1.1] startup
[4.268s] [ext: omni.kit.tool.asset_importer-2.12.2] startup
[4.279s] [ext: isaacsim.gui.components-1.0.9] startup
[4.288s] [ext: omni.kit.widget.settings-1.2.2] startup
[4.295s] [ext: omni.kit.widget.graph-1.12.17] startup
[4.301s] [ext: omni.kit.window.preferences-1.7.0] startup
[4.307s] [ext: omni.kit.graph.delegate.default-1.2.2] startup
[4.307s] [ext: omni.kit.viewport.menubar.core-107.1.2] startup
[4.316s] [ext: omni.kit.widget.material_preview-1.0.16] startup
[4.319s] [ext: omni.kit.graph.usd.commands-1.3.1] startup
[4.321s] [ext: omni.kit.graph.editor.core-1.5.3] startup
[4.323s] [ext: omni.syntheticdata-0.6.10] startup
[4.342s] [ext: omni.kit.window.material_graph-1.8.19] startup
[4.383s] [ext: omni.graph.scriptnode-1.40.1] startup
[4.386s] [ext: isaacsim.core.cloner-1.3.4] startup
[4.389s] [ext: omni.replicator.core-1.11.35] startup
2026-09-14 19:37:19 [4,388ms] [Warning] [omni.replicator.core.scripts.extension] No material configuration file, adding configuration to material settings directly.
[4.468s] [ext: omni.isaac.cloner-1.0.2] startup
2026-09-14 19:37:19 [4,391ms] [Warning] [omni.isaac.cloner] omni.isaac.cloner has been deprecated in favor of isaacsim.core.cloner. Please update your code accordingly.
[4.469s] [ext: isaacsim.core.nodes-2.1.4] startup
[4.481s] [ext: isaacsim.asset.importer.urdf-2.3.10] startup
[4.605s] [ext: omni.isaac.core-4.0.3] startup
2026-09-14 19:37:20 [4,532ms] [Warning] [omni.isaac.core.physics_context.physics_context] omni.isaac.core.physics_context.physics_context has been deprecated in favor of isaacsim.core.api.physics_context.physics_context. Please update your code accordingly.
2026-09-14 19:37:20 [4,537ms] [Warning] [omni.isaac.core.simulation_context.simulation_context] omni.isaac.core.simulation_context.simulation_context has been deprecated in favor of isaacsim.core.api.simulation_context.simulation_context. Please update your code accordingly.
2026-09-14 19:37:20 [4,538ms] [Warning] [omni.isaac.core.world.world] omni.isaac.core.world.world has been deprecated in favor of isaacsim.core.api.world.world. Please update your code accordingly.
2026-09-14 19:37:20 [4,538ms] [Warning] [omni.isaac.core] omni.isaac.core has been deprecated in favor of isaacsim.core.api. Please update your code accordingly.
[4.616s] [ext: omni.isaac.core_nodes-2.0.2] startup
2026-09-14 19:37:20 [4,548ms] [Warning] [omni.isaac.core_nodes] omni.isaac.core_nodes has been deprecated in favor of isaacsim.core.nodes. Please update your code accordingly.
[4.626s] [ext: omni.anim.curve.core-1.2.0] startup
[4.678s] [ext: isaacsim.robot_motion.lula-4.0.4] startup
[4.691s] [ext: isaacsim.asset.importer.mjcf-2.3.3] startup
[4.713s] [ext: isaacsim.robot_motion.motion_generation-8.0.6] startup
[4.740s] [ext: isaacsim.asset.browser-1.3.4] startup
[4.832s] [ext: isaacsim.robot.surface_gripper-2.0.6] startup
[4.839s] [ext: omni.kit.selection-0.1.5] startup
[4.845s] [ext: isaacsim.robot_motion.lula_test_widget-1.0.5] startup
[4.852s] [ext: omni.isaac.assets_check-0.3.9] startup
2026-09-14 19:37:20 [4,778ms] [Warning] [omni.isaac.assets_check] omni.isaac.assets_check has been deprecated in favor of isaacsim.asset.browser. Please update your code accordingly.
[4.856s] [ext: isaacsim.robot.manipulators-3.0.4] startup
[4.871s] [ext: isaacsim.sensors.physics-0.3.5] startup
[4.901s] [ext: isaacsim.gui.menu-2.0.9] startup
[4.948s] [ext: omni.isaac.lula_test_widget-1.0.2] startup
2026-09-14 19:37:20 [4,873ms] [Warning] [omni.isaac.lula_test_widget] omni.isaac.lula_test_widget has been deprecated in favor of isaacsim.robot_motion.lula_test_widget. Please update your code accordingly.
[4.952s] [ext: omni.sensors.nv.common-2.5.0-coreapi] startup
[4.975s] [ext: omni.isaac.manipulators-3.0.3] startup
2026-09-14 19:37:20 [4,898ms] [Warning] [omni.isaac.manipulators] omni.isaac.manipulators has been deprecated in favor of isaacsim.robot.manipulators. Please update your code accordingly.
2026-09-14 19:37:20 [4,898ms] [Warning] [omni.isaac.manipulators.controllers] omni.isaac.manipulators has been deprecated in favor of isaacsim.robot.manipulators. Please update your code accordingly.
2026-09-14 19:37:20 [4,898ms] [Warning] [omni.isaac.manipulators.controllers.pick_place_controller] omni.isaac.manipulators has been deprecated in favor of isaacsim.robot.manipulators. Please update your code accordingly.
2026-09-14 19:37:20 [4,899ms] [Warning] [omni.isaac.manipulators.controllers.stacking_controller] omni.isaac.manipulators has been deprecated in favor of isaacsim.robot.manipulators. Please update your code accordingly.
2026-09-14 19:37:20 [4,899ms] [Warning] [omni.isaac.manipulators.grippers] omni.isaac.manipulators has been deprecated in favor of isaacsim.robot.manipulators. Please update your code accordingly.
2026-09-14 19:37:20 [4,900ms] [Warning] [omni.isaac.manipulators.grippers.gripper] omni.isaac.manipulators has been deprecated in favor of isaacsim.robot.manipulators. Please update your code accordingly.
2026-09-14 19:37:20 [4,900ms] [Warning] [omni.isaac.manipulators.grippers.parallel_gripper] omni.isaac.manipulators has been deprecated in favor of isaacsim.robot.manipulators. Please update your code accordingly.
2026-09-14 19:37:20 [4,900ms] [Warning] [omni.isaac.manipulators.grippers.surface_gripper] omni.isaac.manipulators has been deprecated in favor of isaacsim.robot.manipulators. Please update your code accordingly.
2026-09-14 19:37:20 [4,900ms] [Warning] [omni.isaac.manipulators.manipulators] omni.isaac.manipulators has been deprecated in favor of isaacsim.robot.manipulators. Please update your code accordingly.
2026-09-14 19:37:20 [4,900ms] [Warning] [omni.isaac.manipulators.manipulators.single_manipulator] omni.isaac.manipulators has been deprecated in favor of isaacsim.robot.manipulators. Please update your code accordingly.
[4.978s] [ext: isaacsim.robot.policy.examples-4.0.3] startup
[4.982s] [ext: omni.isaac.menu-1.0.2] startup
2026-09-14 19:37:20 [4,906ms] [Warning] [omni.isaac.menu] omni.isaac.menu has been deprecated in favor of isaacsim.gui.menu. Please update your code accordingly.
[4.984s] [ext: omni.isaac.motion_generation-8.0.2] startup
2026-09-14 19:37:20 [4,910ms] [Warning] [omni.isaac.motion_generation] omni.isaac.motion_generation has been deprecated in favor of isaacsim.robot_motion.motion_generation. Please update your code accordingly.
2026-09-14 19:37:20 [4,910ms] [Warning] [omni.isaac.motion_generation.articulation_kinematics_solver] omni.isaac.motion_generation has been deprecated in favor of isaacsim.robot_motion.motion_generation. Please update your code accordingly.
2026-09-14 19:37:20 [4,910ms] [Warning] [omni.isaac.motion_generation.articulation_motion_policy] omni.isaac.motion_generation has been deprecated in favor of isaacsim.robot_motion.motion_generation. Please update your code accordingly.
2026-09-14 19:37:20 [4,910ms] [Warning] [omni.isaac.motion_generation.articulation_trajectory] omni.isaac.motion_generation has been deprecated in favor of isaacsim.robot_motion.motion_generation. Please update your code accordingly.
2026-09-14 19:37:20 [4,910ms] [Warning] [omni.isaac.motion_generation.kinematics_interface] omni.isaac.motion_generation has been deprecated in favor of isaacsim.robot_motion.motion_generation. Please update your code accordingly.
2026-09-14 19:37:20 [4,910ms] [Warning] [omni.isaac.motion_generation.lula] omni.isaac.motion_generation has been deprecated in favor of isaacsim.robot_motion.motion_generation. Please update your code accordingly.
2026-09-14 19:37:20 [4,910ms] [Warning] [omni.isaac.motion_generation.lula.kinematics] omni.isaac.motion_generation has been deprecated in favor of isaacsim.robot_motion.motion_generation. Please update your code accordingly.
2026-09-14 19:37:20 [4,911ms] [Warning] [omni.isaac.motion_generation.lula.motion_policies] omni.isaac.motion_generation has been deprecated in favor of isaacsim.robot_motion.motion_generation. Please update your code accordingly.
2026-09-14 19:37:20 [4,911ms] [Warning] [omni.isaac.motion_generation.lula.path_planners] omni.isaac.motion_generation has been deprecated in favor of isaacsim.robot_motion.motion_generation. Please update your code accordingly.
2026-09-14 19:37:20 [4,911ms] [Warning] [omni.isaac.motion_generation.lula.trajectory_generator] omni.isaac.motion_generation has been deprecated in favor of isaacsim.robot_motion.motion_generation. Please update your code accordingly.
2026-09-14 19:37:20 [4,911ms] [Warning] [omni.isaac.motion_generation.motion_policy_controller] omni.isaac.motion_generation has been deprecated in favor of isaacsim.robot_motion.motion_generation. Please update your code accordingly.
2026-09-14 19:37:20 [4,911ms] [Warning] [omni.isaac.motion_generation.motion_policy_interface] omni.isaac.motion_generation has been deprecated in favor of isaacsim.robot_motion.motion_generation. Please update your code accordingly.
2026-09-14 19:37:20 [4,911ms] [Warning] [omni.isaac.motion_generation.path_planner_visualizer] omni.isaac.motion_generation has been deprecated in favor of isaacsim.robot_motion.motion_generation. Please update your code accordingly.
2026-09-14 19:37:20 [4,911ms] [Warning] [omni.isaac.motion_generation.path_planning_interface] omni.isaac.motion_generation has been deprecated in favor of isaacsim.robot_motion.motion_generation. Please update your code accordingly.
2026-09-14 19:37:20 [4,911ms] [Warning] [omni.isaac.motion_generation.trajectory] omni.isaac.motion_generation has been deprecated in favor of isaacsim.robot_motion.motion_generation. Please update your code accordingly.
2026-09-14 19:37:20 [4,911ms] [Warning] [omni.isaac.motion_generation.world_interface] omni.isaac.motion_generation has been deprecated in favor of isaacsim.robot_motion.motion_generation. Please update your code accordingly.
[4.989s] [ext: omni.sensors.nv.materials-1.4.0-coreapi] startup
[4.994s] [ext: omni.isaac.nucleus-1.0.3] startup
2026-09-14 19:37:20 [4,918ms] [Warning] [omni.isaac.nucleus] omni.isaac.nucleus has been deprecated in favor of isaacsim.storage.native. Please update your code accordingly.
2026-09-14 19:37:20 [4,918ms] [Warning] [omni.isaac.nucleus.nucleus] omni.isaac.nucleus.nucleus has been deprecated in favor of isaacsim.storage.native. Please update your code accordingly.
[4.996s] [ext: omni.isaac.quadruped-3.0.2] startup
2026-09-14 19:37:20 [4,919ms] [Warning] [omni.isaac.quadruped] omni.isaac.quadruped has been deprecated in favor of isaacsim.robot.policy.examples. Please update your code accordingly.
[4.997s] [ext: omni.kit.manipulator.selector-1.1.1] startup
[5.002s] [ext: omni.sensors.nv.wpm-2.4.0-coreapi] startup
[5.007s] [ext: omni.sensors.nv.lidar-2.6.3-coreapi] startup
[5.014s] [ext: omni.sensors.nv.ids-1.4.0-coreapi] startup
[5.018s] [ext: isaacsim.robot.manipulators.examples-1.0.3] startup
[5.020s] [ext: isaacsim.util.debug_draw-2.0.2] startup
[5.024s] [ext: omni.sensors.tiled-0.0.6] startup
[5.026s] [ext: omni.sensors.nv.radar-2.6.1-coreapi] startup
[5.034s] [ext: omni.kit.widget.toolbar-1.7.3] startup
[5.040s] [ext: omni.kit.manipulator.transform-106.0.1] startup
[5.045s] [ext: isaacsim.sensors.physx-2.2.4] startup
[5.050s] [ext: isaacsim.sensors.rtx-13.6.3] startup
[5.058s] [ext: isaacsim.sensors.camera-0.2.9] startup
[5.072s] [ext: isaacsim.cortex.framework-1.0.2] startup
[5.076s] [ext: omni.kit.manipulator.tool.snap-1.5.12] startup
[5.102s] [ext: omni.isaac.range_sensor-4.0.2] startup
[5.106s] [ext: omni.isaac.surface_gripper-2.0.2] startup
2026-09-14 19:37:20 [5,031ms] [Warning] [omni.isaac.surface_gripper] omni.isaac.surface_gripper has been deprecated in favor of isaacsim.robot.surface_gripper. Please update your code accordingly.
[5.109s] [ext: omni.isaac.sensor-13.0.3] startup
2026-09-14 19:37:20 [5,034ms] [Warning] [omni.isaac.sensor] omni.isaac.sensor has been deprecated in favor of isaacsim.sensors.camera, isaacsim.sensors.physics, isaacsim.sensors.physx, and isaacsim.sensors.rtx. Please update your code accordingly.
2026-09-14 19:37:20 [5,035ms] [Warning] [omni.isaac.sensor.camera] omni.isaac.sensor.camera has been deprecated in favor of isaacsim.sensors.camera.camera. Please update your code accordingly.
2026-09-14 19:37:20 [5,035ms] [Warning] [omni.isaac.sensor.camera_view] omni.isaac.sensor.camera_view has been deprecated in favor of isaacsim.sensors.camera.camera_view. Please update your code accordingly.
2026-09-14 19:37:20 [5,036ms] [Warning] [omni.isaac.sensor.commands] omni.isaac.sensor.commands has been deprecated in favor of isaacsim.sensors.physics.commands, isaacsim.sensors.physx.commands, and isaacsim.sensors.rtx.commands. Please update your code accordingly.
2026-09-14 19:37:20 [5,036ms] [Warning] [omni.isaac.sensor.contact_sensor] omni.isaac.sensor.contact_sensor has been deprecated in favor of isaacsim.sensors.physics.contact_sensor. Please update your code accordingly.
2026-09-14 19:37:20 [5,036ms] [Warning] [omni.isaac.sensor.imu_sensor] omni.isaac.sensor.imu_sensor has been deprecated in favor of isaacsim.sensors.physics.imu_sensor. Please update your code accordingly.
2026-09-14 19:37:20 [5,036ms] [Warning] [omni.isaac.sensor.lidar_rtx] omni.isaac.sensor.lidar_rtx has been deprecated in favor of isaacsim.sensors.rtx.lidar_rtx. Please update your code accordingly.
2026-09-14 19:37:20 [5,036ms] [Warning] [omni.isaac.sensor.rotating_lidar_physX] omni.isaac.sensor.imu_sensor has been deprecated in favor of isaacsim.sensors.physix.rotating_lidar_physX. Please update your code accordingly.
2026-09-14 19:37:20 [5,037ms] [Warning] [omni.isaac.sensor.scripts.samples.contact_sensor] omni.isaac.sensor.scripts.samples.contact_sensor has been deprecated in favor of isaacsim.sensors.physics.scripts.samples.contact_sensor. Please update your code accordingly.
2026-09-14 19:37:20 [5,037ms] [Warning] [omni.isaac.sensor.scripts.samples.imu_sensor] omni.isaac.sensor.scripts.samples.imu_sensor has been deprecated in favor of isaacsim.sensors.physics.scripts.samples.imu_sensor. Please update your code accordingly.
2026-09-14 19:37:20 [5,037ms] [Warning] [omni.isaac.sensor.scripts.samples.lightbeam_sensor] omni.isaac.sensor.scripts.samples.lightbeam_sensor has been deprecated in favor of isaacsim.sensors.physx.scripts.samples.lightbeam_sensor. Please update your code accordingly.
[5.115s] [ext: omni.isaac.cortex-1.0.2] startup
2026-09-14 19:37:20 [5,041ms] [Warning] [omni.isaac.cortex] omni.isaac.cortex has been deprecated in favor of isaacsim.cortex.framework. Please update your code accordingly.
[5.119s] [ext: omni.kit.viewport.manipulator.transform-107.0.4] startup
[5.136s] [ext: omni.debugdraw-0.1.3] startup
[5.143s] [ext: omni.isaac.universal_robots-1.0.2] startup
2026-09-14 19:37:20 [5,067ms] [Warning] [omni.isaac.universal_robots] omni.isaac.universal_robots has been deprecated in favor of isaacsim.robot.manipulators.examples.universal_robots. Please update your code accordingly.
2026-09-14 19:37:20 [5,067ms] [Warning] [omni.isaac.universal_robots.kinematics_solver] omni.isaac.franka has been deprecated in favor of isaacsim.robot.manipulators.examples.universal_robots. Please update your code accordingly.
2026-09-14 19:37:20 [5,068ms] [Warning] [omni.isaac.universal_robots.ur10] omni.isaac.franka has been deprecated in favor of isaacsim.robot.manipulators.examples.universal_robots. Please update your code accordingly.
[5.146s] [ext: omni.isaac.utils-2.0.2] startup
[5.152s] [ext: omni.kit.manipulator.prim.core-107.0.7] startup
[5.162s] [ext: omni.fabric.commands-1.1.5] startup
[5.167s] [ext: omni.kit.manipulator.selection-106.0.1] startup
[5.170s] [ext: omni.kit.viewport.actions-107.0.0] startup
[5.176s] [ext: omni.kit.manipulator.prim.usd-107.0.3] startup
[5.179s] [ext: omni.kit.manipulator.prim.fabric-107.0.4] startup
[5.182s] [ext: isaacsim.cortex.behaviors-2.0.3] startup
[5.184s] [ext: omni.kit.widget.layers-1.8.2] startup
[5.204s] [ext: omni.kit.viewport.menubar.display-107.0.3] startup
[5.209s] [ext: omni.kit.manipulator.prim-107.0.0] startup
[5.209s] [ext: omni.isaac.cortex.sample_behaviors-2.0.2] startup
2026-09-14 19:37:20 [5,134ms] [Warning] [omni.isaac.cortex.sample_behaviors] omni.isaac.cortex.sample_behaviors has been deprecated in favor of isaacsim.cortex.behaviors. Please update your code accordingly.
[5.212s] [ext: omni.graph.ui_nodes-1.40.1] startup
[5.221s] [ext: omni.usdphysics.ui-106.5.7] startup
[5.262s] [ext: omni.physx.commands-106.5.7] startup
[5.266s] [ext: omni.kit.property.camera-1.0.9] startup
[5.269s] [ext: omni.hydra.scene_api-0.1.2] startup
[5.274s] [ext: omni.kit.property.geometry-1.3.3] startup
[5.278s] [ext: omni.kit.property.light-1.0.11] startup
[5.281s] [ext: omni.physx.ui-106.5.7] startup
[5.304s] [ext: omni.kit.property.material-1.10.17] startup
[5.311s] [ext: omni.kit.property.render-1.1.3] startup
[5.314s] [ext: omni.kit.property.transform-1.5.10] startup
[5.318s] [ext: omni.kit.property.audio-1.0.16] startup
[5.320s] [ext: isaacsim.gui.property-1.0.4] startup
[5.323s] [ext: omni.physx.demos-106.5.7] startup
[5.337s] [ext: omni.kit.property.physx-106.5.7] startup
[5.387s] [ext: omni.isaac.lula-4.0.2] startup
2026-09-14 19:37:20 [5,313ms] [Warning] [omni.isaac.lula] omni.isaac.lula has been deprecated in favor of isaacsim.robot_motion.lula. Please update your code accordingly.
[5.391s] [ext: omni.kit.property.bundle-1.3.2] startup
[5.393s] [ext: omni.kit.property.isaac-1.0.2] startup
2026-09-14 19:37:20 [5,317ms] [Warning] [omni.kit.property.isaac] omni.kit.property.isaac has been deprecated in favor of isaacsim.gui.property. Please update your code accordingly.
2026-09-14 19:37:20 [5,317ms] [Warning] [omni.kit.property.isaac.widgets] omni.kit.property.isaac.widgets has been deprecated in favor of isaacsim.gui.property.widgets. Please update your code accordingly.
[5.395s] [ext: omni.physx.vehicle-106.5.7] startup
[5.409s] [ext: omni.kit.viewport.menubar.camera-107.0.2] startup
[5.415s] [ext: omni.kit.viewport.menubar.lighting-106.0.2] startup
[5.417s] [ext: omni.kit.viewport.menubar.render-107.0.8] startup
[5.421s] [ext: omni.kit.viewport.menubar.settings-107.0.3] startup
[5.425s] [ext: omni.kit.window.console-0.2.14] startup
[5.434s] [ext: omni.physx.camera-106.5.7] startup
[5.442s] [ext: omni.kit.window.toolbar-1.6.2] startup
[5.448s] [ext: omni.isaac.version-2.0.2] startup
2026-09-14 19:37:20 [5,372ms] [Warning] [omni.isaac.version] omni.isaac.version has been deprecated in favor of isaacsim.core.version. Please update your code accordingly.
[5.449s] [ext: isaacsim.robot.wheeled_robots-4.0.3] startup
[5.454s] [ext: omni.physx.cct-106.5.7] startup
[5.469s] [ext: omni.physx.graph-106.5.7] startup
[5.509s] [ext: isaacsim.replicator.writers-1.0.1] startup
[5.595s] [ext: omni.physx.supportui-106.5.7] startup
[5.627s] [ext: omni.physx.telemetry-106.5.7] startup
[5.632s] [ext: omni.isaac.wheeled_robots-3.0.3] startup
2026-09-14 19:37:21 [5,557ms] [Warning] [omni.isaac.wheeled_robots] omni.isaac.wheeled_robots has been deprecated in favor of isaacsim.robot.wheeled_robots. Please update your code accordingly.
2026-09-14 19:37:21 [5,557ms] [Warning] [omni.isaac.wheeled_robots.controllers] omni.isaac.wheeled_robots has been deprecated in favor of isaacsim.robot.wheeled_robots. Please update your code accordingly.
2026-09-14 19:37:21 [5,557ms] [Warning] [omni.isaac.wheeled_robots.controllers.ackermann_controller] omni.isaac.wheeled_robots has been deprecated in favor of isaacsim.robot.wheeled_robots. Please update your code accordingly.
2026-09-14 19:37:21 [5,557ms] [Warning] [omni.isaac.wheeled_robots.controllers.differential_controller] omni.isaac.wheeled_robots has been deprecated in favor of isaacsim.robot.wheeled_robots. Please update your code accordingly.
2026-09-14 19:37:21 [5,557ms] [Warning] [omni.isaac.wheeled_robots.controllers.holonomic_controller] omni.isaac.wheeled_robots has been deprecated in favor of isaacsim.robot.wheeled_robots. Please update your code accordingly.
2026-09-14 19:37:21 [5,557ms] [Warning] [omni.isaac.wheeled_robots.controllers.quintic_path_planner] omni.isaac.wheeled_robots has been deprecated in favor of isaacsim.robot.wheeled_robots. Please update your code accordingly.
2026-09-14 19:37:21 [5,557ms] [Warning] [omni.isaac.wheeled_robots.controllers.stanley_control] omni.isaac.wheeled_robots has been deprecated in favor of isaacsim.robot.wheeled_robots. Please update your code accordingly.
2026-09-14 19:37:21 [5,557ms] [Warning] [omni.isaac.wheeled_robots.controllers.wheel_base_pose_controller] omni.isaac.wheeled_robots has been deprecated in favor of isaacsim.robot.wheeled_robots. Please update your code accordingly.
2026-09-14 19:37:21 [5,558ms] [Warning] [omni.isaac.wheeled_robots.impl] omni.isaac.wheeled_robots has been deprecated in favor of isaacsim.robot.wheeled_robots. Please update your code accordingly.
2026-09-14 19:37:21 [5,558ms] [Warning] [omni.isaac.wheeled_robots.robots] omni.isaac.wheeled_robots has been deprecated in favor of isaacsim.robot.wheeled_robots. Please update your code accordingly.
2026-09-14 19:37:21 [5,558ms] [Warning] [omni.isaac.wheeled_robots.robots.holonomic_robot_usd_setup] omni.isaac.wheeled_robots has been deprecated in favor of isaacsim.robot.wheeled_robots. Please update your code accordingly.
2026-09-14 19:37:21 [5,558ms] [Warning] [omni.isaac.wheeled_robots.robots.wheeled_robot] omni.isaac.wheeled_robots has been deprecated in favor of isaacsim.robot.wheeled_robots. Please update your code accordingly.
[5.635s] [ext: omni.isaac.franka-1.0.2] startup
2026-09-14 19:37:21 [5,561ms] [Warning] [omni.isaac.franka] omni.isaac.franka has been deprecated in favor of isaacsim.robot.manipulators.examples.franka. Please update your code accordingly.
2026-09-14 19:37:21 [5,561ms] [Warning] [omni.isaac.franka.franka] omni.isaac.franka has been deprecated in favor of isaacsim.robot.manipulators.examples.franka. Please update your code accordingly.
2026-09-14 19:37:21 [5,562ms] [Warning] [omni.isaac.franka.kinematics_solver] omni.isaac.franka has been deprecated in favor of isaacsim.robot.manipulators.examples.franka. Please update your code accordingly.
[5.640s] [ext: isaacsim.replicator.domain_randomization-1.0.2] startup
[5.648s] [ext: isaacsim.replicator.examples-1.1.2] startup
[5.652s] [ext: omni.kit.window.status_bar-0.1.7] startup
[5.669s] [ext: omni.rtx.window.settings-0.6.17] startup
[5.688s] [ext: omni.usd.metrics.assembler-106.5.0] startup
[5.698s] [ext: omni.physx.bundle-106.5.7] startup
[5.698s] [ext: isaacsim.app.about-2.0.7] startup
[5.701s] [ext: omni.replicator.isaac-2.0.3] startup
2026-09-14 19:37:21 [5,625ms] [Warning] [omni.replicator.isaac] omni.replicator.isaac has been deprecated in favor of isaacsim.replicator.domain_randomization, isaacsim.replicator.examples, isaacsim.replicator.writers. Please update your code accordingly.
[5.703s] [ext: omni.replicator.replicator_yaml-2.0.10] startup
[5.719s] [ext: omni.rtx.settings.core-0.6.3] startup
[5.726s] [ext: omni.usd.metrics.assembler.ui-106.5.0] startup
[5.734s] [ext: isaacsim.simulation_app-2.4.2] startup
[5.736s] [ext: omni.isaac.window.about-2.0.2] startup
2026-09-14 19:37:21 [5,660ms] [Warning] [omni.isaac.window.about] omni.isaac.window.about has been deprecated in favor of isaacsim.app.about. Please update your code accordingly.
2026-09-14 19:37:21 [5,660ms] [Warning] [omni.isaac.window.about.about] omni.isaac.window.about.about has been deprecated in favor of isaacsim.app.about.about. Please update your code accordingly.
[5.738s] [ext: semantics.schema.editor-0.3.10] startup
[5.749s] [ext: omni.kit.ui.actions-1.0.2] startup
[5.751s] [ext: semantics.schema.property-1.0.5] startup
[5.753s] [ext: omni.kit.manipulator.camera-106.0.3] startup
[5.759s] [ext: omni.isaac.kit-2.0.3] startup
2026-09-14 19:37:21 [5,683ms] [Warning] [omni.isaac.kit] omni.isaac.kit has been deprecated in favor of isaacsim.simulation_app. Please update your code accordingly.
[5.760s] [ext: omni.isaac.asset_browser-1.0.2] startup
2026-09-14 19:37:21 [5,684ms] [Warning] [omni.isaac.asset_browser] omni.isaac.asset_browser has been deprecated in favor of isaacsim.asset.browser. Please update your code accordingly.
[5.762s] [ext: isaacsim.core.throttling-2.0.2] startup
[5.765s] [ext: omni.kit.menu.common-1.1.9] startup
[5.767s] [ext: isaacsim.exp.base-4.5.0] startup
[5.767s] [ext: isaacsim.exp.base.python-4.5.0] startup
[5.771s] Simulation App Starting
2026-09-14 19:37:21 [5,778ms] [Warning] [carb.audio.device] audio device is misconfigured or broken {deviceIndex = 0, name = 'default'} (The device is likely misconfigured, check your $HOME/.asoundrc)
2026-09-14 19:37:21 [5,778ms] [Warning] [carb.audio.output] failed to retrieve the capabilities for device 0 {result = eDeviceLost (2)}
2026-09-14 19:37:21 [5,778ms] [Warning] [carb.audio.context] failed to set the requested output during context creation.  Using a null streamer instead {result = eDeviceLost (2)}
[5.893s] app ready
Starting kit application with the following args:  ['/local_data/jz6676/miniconda3/envs/DWAM/lib/python3.10/site-packages/isaacsim/exts/isaacsim.simulation_app/isaacsim/simulation_app/simulation_app.py', '/local_data/jz6676/miniconda3/envs/DWAM/lib/python3.10/site-packages/isaacsim/apps/isaacsim.exp.base.python.kit', '--/app/tokens/exe-path=/local_data/jz6676/miniconda3/envs/DWAM/lib/python3.10/site-packages/omni', '--/persistent/app/viewport/displayOptions=3094', '--/rtx/materialDb/syncLoads=True', '--/rtx/hydra/materialSyncLoads=True', '--/omni.kit.plugin/syncUsdLoads=True', '--/app/renderer/resolution/width=960', '--/app/renderer/resolution/height=540', '--/app/window/width=1440', '--/app/window/height=900', '--/renderer/multiGpu/enabled=True', '--/app/fastShutdown=True', '--/app/installSignalHandlers=0', '--ext-folder', '/local_data/jz6676/miniconda3/envs/DWAM/lib/python3.10/site-packages/isaacsim/exts', '--ext-folder', '/local_data/jz6676/miniconda3/envs/DWAM/lib/python3.10/site-packages/isaacsim/apps', '--/physics/cudaDevice=0', '--portable', '--no-window', '--/app/window/hideUi=1']
Passing the following args to the base kit application:  ['asm/choreo.json', 'asm/frames', '--subframes', '5']
Warp 1.5.0 initialized:
   CUDA Toolkit 11.8, Driver 13.0
   Devices:
     "cpu"      : "x86_64"
     "cuda:0"   : "NVIDIA RTX 6000 Ada Generation" (47 GiB, sm_89, mempool enabled)
   Kernel cache:
     /home/jz6676/.cache/warp/1.5.0
gripper 0 links found 8 physics schemas left 0
gripper 1 links found 8 physics schemas left 0
2026-09-14 19:37:21 [5,929ms] [Warning] [rtx.scenedb.plugin] SceneDbContext : TLAS limit buffer size 7508933632
2026-09-14 19:37:21 [5,929ms] [Warning] [rtx.scenedb.plugin] SceneDbContext : TLAS limit : valid false, within: false
2026-09-14 19:37:21 [5,929ms] [Warning] [rtx.scenedb.plugin] SceneDbContext : TLAS limit : decrement: 167690, decrement size: 7433845248
2026-09-14 19:37:21 [5,929ms] [Warning] [rtx.scenedb.plugin] SceneDbContext : New limit 9574251 (slope: 447, intercept: 13179904)
2026-09-14 19:37:21 [5,929ms] [Warning] [rtx.scenedb.plugin] SceneDbContext : TLAS limit buffer size 4287216384
2026-09-14 19:37:21 [5,929ms] [Warning] [rtx.scenedb.plugin] SceneDbContext : TLAS limit : valid true, within: true
2026-09-14 19:37:21 [6,305ms] [Warning] [omni.usd-abi.plugin] No setting was found for '/rtx-defaults-transient/meshlights/forceDisable'
2026-09-14 19:37:21 [6,397ms] [Warning] [omni.usd-abi.plugin] No setting was found for '/rtx-defaults/post/dlss/execMode'
2026-09-14 19:37:24 [9,220ms] [Warning] [rtx.postprocessing.plugin] DLSS increasing input dimensions: Render resolution of (480, 270) is below minimal input resolution of 300.
[9.440s] Simulation App Startup Complete
2026-09-14 19:37:26 [10,913ms] [Warning] [omni.hydra.scene_delegate.plugin] Calling getBypassRenderSkelMeshProcessing for prim /World/arm0/flange/gripper/Robotiq_2F_85/left_inner_finger/Defeatured_2F_85_PAD_OPEN_fingertipsstep_01.proto_Defeatured_2F_85_PAD_OPEN_fingertipsstep_id0 that has not been populated
2026-09-14 19:37:26 [11,053ms] [Warning] [omni.syntheticdata.plugin] OgnSdPostRenderVarToHost : rendervar copy from texture directly to host buffer is counter-performant. Please use copy from texture to device buffer first.
2026-09-14 19:37:26 [11,073ms] [Warning] [omni.physx.plugin] The rigid body at /World/arm0/base has a possibly invalid inertia tensor of {1.0, 1.0, 1.0} and a negative mass, small sphere approximated inertia was used. Either specify correct values in the mass properties, or add collider(s) to any shape(s) that you wish to automatically compute mass properties for.
2026-09-14 19:37:26 [11,074ms] [Warning] [omni.physx.plugin] The rigid body at /World/arm0/flange has a possibly invalid inertia tensor of {1.0, 1.0, 1.0} and a negative mass, small sphere approximated inertia was used. Either specify correct values in the mass properties, or add collider(s) to any shape(s) that you wish to automatically compute mass properties for.
2026-09-14 19:37:26 [11,074ms] [Warning] [omni.physx.plugin] The rigid body at /World/arm0/tool0 has a possibly invalid inertia tensor of {1.0, 1.0, 1.0} and a negative mass, small sphere approximated inertia was used. Either specify correct values in the mass properties, or add collider(s) to any shape(s) that you wish to automatically compute mass properties for.
2026-09-14 19:37:26 [11,074ms] [Warning] [omni.physx.plugin] The rigid body at /World/arm1/base has a possibly invalid inertia tensor of {1.0, 1.0, 1.0} and a negative mass, small sphere approximated inertia was used. Either specify correct values in the mass properties, or add collider(s) to any shape(s) that you wish to automatically compute mass properties for.
2026-09-14 19:37:26 [11,074ms] [Warning] [omni.physx.plugin] The rigid body at /World/arm1/flange has a possibly invalid inertia tensor of {1.0, 1.0, 1.0} and a negative mass, small sphere approximated inertia was used. Either specify correct values in the mass properties, or add collider(s) to any shape(s) that you wish to automatically compute mass properties for.
2026-09-14 19:37:26 [11,074ms] [Warning] [omni.physx.plugin] The rigid body at /World/arm1/tool0 has a possibly invalid inertia tensor of {1.0, 1.0, 1.0} and a negative mass, small sphere approximated inertia was used. Either specify correct values in the mass properties, or add collider(s) to any shape(s) that you wish to automatically compute mass properties for.
2026-09-14 19:37:26 [11,074ms] [Warning] [omni.physx.plugin] Detected an articulation at /World/arm0 with more than 4 velocity iterations being added to aFLANGE CHECK frame 0 [-0.4201, -0.0001, 1.285] fk [-0.42, -0.0001, 1.285]
FLANGE CHECK frame 1 [-0.4201, -0.0001, 1.285] fk [-0.42, -0.0001, 1.285]
FLANGE CHECK frame 2 [-0.4201, -0.0001, 1.285] fk [-0.42, -0.0001, 1.285]
frame 60 propose rss 5715
frame 120 act rss 5715
frame 180 act rss 5718
frame 240 act rss 5720
frame 300 act rss 5722
frame 360 act rss 5723
frame 420 act rss 5725
frame 480 act rss 5726
frame 540 act rss 5728
frame 600 act rss 5730
frame 660 act rss 5731
frame 720 act rss 5733
frame 780 act rss 5734
frame 840 act rss 5736
frame 900 act rss 5737
frame 960 act rss 5739
frame 1020 act rss 5740
frame 1080 act rss 5742
frame 1140 check rss 5744
frame 1200 check rss 5745
frame 1260 diagnose rss 5747
frame 1320 done rss 5751
DONE 1375 {'propose': [0, 83], 'act': [84, 1091], 'check': [1092, 1217], 'diagnose': [1218, 1314], 'done': [1315, 1374]}
 TGS scene.The related behavior changed recently, please consult the changelog. This warning will only print once.
2026-09-14 19:37:26 [11,427ms] [Warning] [omni.syntheticdata.plugin] SdRenderVarPtr missing valid input renderVar LdrColorSDhost
2026-09-14 19:40:37 [201,853ms] [Warning] [carb.windowing-glfw.plugin] GLFW initialization failed.
2026-09-14 19:40:37 [201,853ms] [Warning] [carb] Failed to startup plugin carb.windowing-glfw.plugin (interfaces: [carb::windowing::IGLContext v1.0],[carb::windowing::IWindowing v1.5]) (impl: carb.windowing-glfw.plugin)
2026-09-14 19:40:38 [202,964ms] [Warning] [carb] Plugin interface for a client: omni.hydratexture.plugin was already released.
[203.105s] Simulation App Shutting Down
